Component: ARM Compiler 5.06 update 4 (build 422) Tool: armlink [4d35d2]

==============================================================================

Section Cross References

    exp2-3.o(i.ASCII2Disp) refers to strchr.o(.text) for strchr
    exp2-3.o(i.ASCII2Disp) refers to exp2-3.o(.constdata) for disp_tab
    exp2-3.o(i.Display) refers to exp2-3.o(i.Delay) for Delay
    exp2-3.o(i.Display) refers to exp2-3.o(i.I2C0_WriteByte) for I2C0_WriteByte
    exp2-3.o(i.Display) refers to exp2-3.o(.data) for initvalue
    exp2-3.o(i.Displaynum) refers to exp2-3.o(i.Delay) for Delay
    exp2-3.o(i.Displaynum) refers to exp2-3.o(i.I2C0_WriteByte) for I2C0_WriteByte
    exp2-3.o(i.Displaynum) refers to exp2-3.o(.data) for seg7
    exp2-3.o(i.GPIOJ_Handler) refers to gpio.o(i.GPIOIntClear) for GPIOIntClear
    exp2-3.o(i.GPIOJ_Handler) refers to gpio.o(i.GPIOPinRead) for GPIOPinRead
    exp2-3.o(i.GPIOJ_Handler) refers to exp2-3.o(i.plus_one) for plus_one
    exp2-3.o(i.GPIOJ_Handler) refers to exp2-3.o(.data) for times
    exp2-3.o(i.I2C0_ReadByte) refers to i2c.o(i.I2CMasterBusy) for I2CMasterBusy
    exp2-3.o(i.I2C0_ReadByte) refers to i2c.o(i.I2CMasterSlaveAddrSet) for I2CMasterSlaveAddrSet
    exp2-3.o(i.I2C0_ReadByte) refers to i2c.o(i.I2CMasterDataPut) for I2CMasterDataPut
    exp2-3.o(i.I2C0_ReadByte) refers to i2c.o(i.I2CMasterControl) for I2CMasterControl
    exp2-3.o(i.I2C0_ReadByte) refers to i2c.o(i.I2CMasterBusBusy) for I2CMasterBusBusy
    exp2-3.o(i.I2C0_ReadByte) refers to i2c.o(i.I2CMasterErr) for I2CMasterErr
    exp2-3.o(i.I2C0_ReadByte) refers to exp2-3.o(i.Delay) for Delay
    exp2-3.o(i.I2C0_ReadByte) refers to i2c.o(i.I2CMasterDataGet) for I2CMasterDataGet
    exp2-3.o(i.I2C0_WriteByte) refers to i2c.o(i.I2CMasterBusy) for I2CMasterBusy
    exp2-3.o(i.I2C0_WriteByte) refers to i2c.o(i.I2CMasterSlaveAddrSet) for I2CMasterSlaveAddrSet
    exp2-3.o(i.I2C0_WriteByte) refers to i2c.o(i.I2CMasterDataPut) for I2CMasterDataPut
    exp2-3.o(i.I2C0_WriteByte) refers to i2c.o(i.I2CMasterControl) for I2CMasterControl
    exp2-3.o(i.I2C0_WriteByte) refers to i2c.o(i.I2CMasterErr) for I2CMasterErr
    exp2-3.o(i.S800_GPIO_Init) refers to sysctl.o(i.SysCtlPeripheralEnable) for SysCtlPeripheralEnable
    exp2-3.o(i.S800_GPIO_Init) refers to sysctl.o(i.SysCtlPeripheralReady) for SysCtlPeripheralReady
    exp2-3.o(i.S800_GPIO_Init) refers to interrupt.o(i.IntMasterEnable) for IntMasterEnable
    exp2-3.o(i.S800_GPIO_Init) refers to interrupt.o(i.IntEnable) for IntEnable
    exp2-3.o(i.S800_GPIO_Init) refers to gpio.o(i.GPIOIntRegister) for GPIOIntRegister
    exp2-3.o(i.S800_GPIO_Init) refers to gpio.o(i.GPIOPinTypeGPIOInput) for GPIOPinTypeGPIOInput
    exp2-3.o(i.S800_GPIO_Init) refers to gpio.o(i.GPIOPadConfigSet) for GPIOPadConfigSet
    exp2-3.o(i.S800_GPIO_Init) refers to gpio.o(i.GPIOPinTypeGPIOOutput) for GPIOPinTypeGPIOOutput
    exp2-3.o(i.S800_GPIO_Init) refers to gpio.o(i.GPIOIntTypeSet) for GPIOIntTypeSet
    exp2-3.o(i.S800_GPIO_Init) refers to gpio.o(i.GPIOIntEnable) for GPIOIntEnable
    exp2-3.o(i.S800_GPIO_Init) refers to exp2-3.o(i.GPIOJ_Handler) for GPIOJ_Handler
    exp2-3.o(i.S800_I2C0_Init) refers to sysctl.o(i.SysCtlPeripheralEnable) for SysCtlPeripheralEnable
    exp2-3.o(i.S800_I2C0_Init) refers to gpio.o(i.GPIOPinConfigure) for GPIOPinConfigure
    exp2-3.o(i.S800_I2C0_Init) refers to gpio.o(i.GPIOPinTypeI2CSCL) for GPIOPinTypeI2CSCL
    exp2-3.o(i.S800_I2C0_Init) refers to gpio.o(i.GPIOPinTypeI2C) for GPIOPinTypeI2C
    exp2-3.o(i.S800_I2C0_Init) refers to i2c.o(i.I2CMasterInitExpClk) for I2CMasterInitExpClk
    exp2-3.o(i.S800_I2C0_Init) refers to i2c.o(i.I2CMasterEnable) for I2CMasterEnable
    exp2-3.o(i.S800_I2C0_Init) refers to exp2-3.o(i.I2C0_WriteByte) for I2C0_WriteByte
    exp2-3.o(i.S800_I2C0_Init) refers to exp2-3.o(.data) for ui32SysClock
    exp2-3.o(i.S800_UART_Init) refers to sysctl.o(i.SysCtlPeripheralEnable) for SysCtlPeripheralEnable
    exp2-3.o(i.S800_UART_Init) refers to sysctl.o(i.SysCtlPeripheralReady) for SysCtlPeripheralReady
    exp2-3.o(i.S800_UART_Init) refers to gpio.o(i.GPIOPinConfigure) for GPIOPinConfigure
    exp2-3.o(i.S800_UART_Init) refers to gpio.o(i.GPIOPinTypeUART) for GPIOPinTypeUART
    exp2-3.o(i.S800_UART_Init) refers to uart.o(i.UARTConfigSetExpClk) for UARTConfigSetExpClk
    exp2-3.o(i.S800_UART_Init) refers to exp2-3.o(i.UARTStringPut) for UARTStringPut
    exp2-3.o(i.S800_UART_Init) refers to exp2-3.o(.data) for ui32SysClock
    exp2-3.o(i.SysTick_Handler) refers to gpio.o(i.GPIOPinRead) for GPIOPinRead
    exp2-3.o(i.SysTick_Handler) refers to exp2-3.o(.data) for second_counter
    exp2-3.o(i.UART0_Handler) refers to uart.o(i.UARTIntStatus) for UARTIntStatus
    exp2-3.o(i.UART0_Handler) refers to uart.o(i.UARTIntClear) for UARTIntClear
    exp2-3.o(i.UART0_Handler) refers to uart.o(i.UARTCharGetNonBlocking) for UARTCharGetNonBlocking
    exp2-3.o(i.UART0_Handler) refers to exp2-3.o(i.processChar) for processChar
[...]
    libinit.o(.ARM.Collect$$libinit$$00000000) refers (Special) to libinit2.o(.ARM.Collect$$libinit$$0000000A) for __rt_lib_init_heap_1
    libinit.o(.ARM.Collect$$libinit$$00000000) refers (Special) to libinit2.o(.ARM.Collect$$libinit$$00000011) for __rt_lib_init_lc_collate_1
    libinit.o(.ARM.Collect$$libinit$$00000000) refers (Special) to libinit2.o(.ARM.Collect$$libinit$$00000013) for __rt_lib_init_lc_ctype_1
    libinit.o(.ARM.Collect$$libinit$$00000000) refers (Special) to libinit2.o(.ARM.Collect$$libinit$$00000015) for __rt_lib_init_lc_monetary_1
    libinit.o(.ARM.Collect$$libinit$$00000000) refers (Special) to libinit2.o(.ARM.Collect$$libinit$$00000017) for __rt_lib_init_lc_numeric_1
    libinit.o(.ARM.Collect$$libinit$$00000000) refers (Special) to libinit2.o(.ARM.Collect$$libinit$$00000019) for __rt_lib_init_lc_time_1
    libinit.o(.ARM.Collect$$libinit$$00000000) refers (Special) to libinit2.o(.ARM.Collect$$libinit$$00000004) for __rt_lib_init_preinit_1
    libinit.o(.ARM.Collect$$libinit$$00000000) refers (Special) to libinit2.o(.ARM.Collect$$libinit$$0000000E) for __rt_lib_init_rand_1
    libinit.o(.ARM.Collect$$libinit$$00000000) refers (Special) to libinit2.o(.ARM.Collect$$libinit$$00000033) for __rt_lib_init_return
    libinit.o(.ARM.Collect$$libinit$$00000000) refers (Special) to libinit2.o(.ARM.Collect$$libinit$$0000001D) for __rt_lib_init_signal_1
    libinit.o(.ARM.Collect$$libinit$$00000000) refers (Special) to libinit2.o(.ARM.Collect$$libinit$$00000025) for __rt_lib_init_stdio_1
    libinit.o(.ARM.Collect$$libinit$$00000000) refers (Special) to libinit2.o(.ARM.Collect$$libinit$$0000000C) for __rt_lib_init_user_alloc_1
    libspace.o(.text) refers to libspace.o(.bss) for __libspace_start
    rtexit.o(.ARM.Collect$$rtexit$$00000000) refers (Special) to rtexit2.o(.ARM.Collect$$rtexit$$00000004) for __rt_exit_exit
    rtexit.o(.ARM.Collect$$rtexit$$00000000) refers (Special) to rtexit2.o(.ARM.Collect$$rtexit$$00000003) for __rt_exit_ls
    rtexit.o(.ARM.Collect$$rtexit$$00000000) refers (Special) to rtexit2.o(.ARM.Collect$$rtexit$$00000002) for __rt_exit_prels_1
    rtexit.o(.ARM.exidx) refers (Special) to rtexit2.o(.ARM.Collect$$rtexit$$00000004) for __rt_exit_exit
    rtexit.o(.ARM.exidx) refers (Special) to rtexit2.o(.ARM.Collect$$rtexit$$00000003) for __rt_exit_ls
    rtexit.o(.ARM.exidx) refers (Special) to rtexit2.o(.ARM.Collect$$rtexit$$00000002) for __rt_exit_prels_1
    rtexit.o(.ARM.exidx) refers to rtexit.o(.ARM.Collect$$rtexit$$00000000) for .ARM.Collect$$rtexit$$00000000
    libinit2.o(.ARM.Collect$$libinit$$00000001) refers to fpinit.o(x$fpl$fpinit) for _fp_init
    libinit2.o(.ARM.Collect$$libinit$$00000010) refers to libinit2.o(.ARM.Collect$$libinit$$0000000F) for .ARM.Collect$$libinit$$0000000F
    libinit2.o(.ARM.Collect$$libinit$$00000012) refers to libinit2.o(.ARM.Collect$$libinit$$0000000F) for .ARM.Collect$$libinit$$0000000F
    libinit2.o(.ARM.Collect$$libinit$$00000014) refers to libinit2.o(.ARM.Collect$$libinit$$0000000F) for .ARM.Collect$$libinit$$0000000F
    libinit2.o(.ARM.Collect$$libinit$$00000016) refers to libinit2.o(.ARM.Collect$$libinit$$0000000F) for .ARM.Collect$$libinit$$0000000F
    libinit2.o(.ARM.Collect$$libinit$$00000018) refers to libinit2.o(.ARM.Collect$$libinit$$0000000F) for .ARM.Collect$$libinit$$0000000F
    libinit2.o(.ARM.Collect$$libinit$$00000026) refers to argv_veneer.o(.emb_text) for __ARM_argv_veneer
    libinit2.o(.ARM.Collect$$libinit$$00000027) refers to argv_veneer.o(.emb_text) for __ARM_argv_veneer
    rtexit2.o(.ARM.Collect$$rtexit$$00000003) refers to libshutdown.o(.ARM.Collect$$libshutdown$$00000000) for __rt_lib_shutdown
    rtexit2.o(.ARM.Collect$$rtexit$$00000004) refers to sys_exit.o(.text) for _sys_exit
    rtexit2.o(.ARM.exidx) refers to rtexit2.o(.ARM.Collect$$rtexit$$00000001) for .ARM.Collect$$rtexit$$00000001
    rtexit2.o(.ARM.exidx) refers to rtexit2.o(.ARM.Collect$$rtexit$$00000003) for .ARM.Collect$$rtexit$$00000003
    rtexit2.o(.ARM.exidx) refers to rtexit2.o(.ARM.Collect$$rtexit$$00000004) for .ARM.Collect$$rtexit$$00000004
    argv_veneer.o(.emb_text) refers to no_argv.o(.text) for __ARM_get_argv
    sys_exit.o(.text) refers (Special) to use_no_semi.o(.text) for __I$use$semihosting
    sys_exit.o(.text) refers (Special) to indicate_semi.o(.text) for __semihosting_library_function
    _get_argv_nomalloc.o(.text) refers (Special) to hrguard.o(.text) for __heap_region$guard
    _get_argv_nomalloc.o(.text) refers to defsig_rtmem_outer.o(.text) for __rt_SIGRTMEM
    _get_argv_nomalloc.o(.text) refers to sys_command.o(.text) for _sys_command_string
    libshutdown.o(.ARM.Collect$$libshutdown$$00000000) refers (Special) to libshutdown2.o(.ARM.Collect$$libshutdown$$00000002) for __rt_lib_shutdown_cpp_1
    libshutdown.o(.ARM.Collect$$libshutdown$$00000000) refers (Special) to libshutdown2.o(.ARM.Collect$$libshutdown$$00000007) for __rt_lib_shutdown_fp_trap_1
    libshutdown.o(.ARM.Collect$$libshutdown$$00000000) refers (Special) to libshutdown2.o(.ARM.Collect$$libshutdown$$0000000F) for __rt_lib_shutdown_heap_1
    libshutdown.o(.ARM.Collect$$libshutdown$$00000000) refers (Special) to libshutdown2.o(.ARM.Collect$$libshutdown$$00000010) for __rt_lib_shutdown_return
    libshutdown.o(.ARM.Collect$$libshutdown$$00000000) refers (Special) to libshutdown2.o(.ARM.Collect$$libshutdown$$0000000A) for __rt_lib_shutdown_signal_1
    libshutdown.o(.ARM.Collect$$libshutdown$$00000000) refers (Special) to libshutdown2.o(.ARM.Collect$$libshutdown$$00000004) for __rt_lib_shutdown_stdio_1
    libshutdown.o(.ARM.Collect$$libshutdown$$00000000) refers (Special) to libshutdown2.o(.ARM.Collect$$libshutdown$$0000000C) for __rt_lib_shutdown_user_alloc_1
    sys_command.o(.text) refers (Special) to use_no_semi.o(.text) for __I$use$semihosting
    sys_command.o(.text) refers (Special) to indicate_semi.o(.text) for __semihosting_library_function
    defsig_rtmem_outer.o(.text) refers to defsig_rtmem_inner.o(.text) for __rt_SIGRTMEM_inner
    defsig_rtmem_outer.o(.text) refers to defsig_exit.o(.text) for __sig_exit
    defsig_rtmem_formal.o(.text) refers to rt_raise.o(.text) for __rt_raise
    rt_raise.o(.text) refers to __raise.o(.text) for __raise
    rt_raise.o(.text) refers to sys_exit.o(.text) for _sys_exit
    defsig_exit.o(.text) refers to sys_exit.o(.text) for _sys_exit
    defsig_rtmem_inner.o(.text) refers to defsig_general.o(.text) for __default_signal_display
    __raise.o(.text) refers to defsig.o(CL$$defsig) for __default_signal_handler
    defsig_general.o(.text) refers to sys_wrch.o(.text) for _ttywrch
    sys_wrch.o(.text) refers (Special) to use_no_semi.o(.text) for __I$use$semihosting
    sys_wrch.o(.text) refers (Special) to indicate_semi.o(.text) for __semihosting_library_function
    defsig.o(CL$$defsig) refers to defsig_rtmem_inner.o(.text) for __rt_SIGRTMEM_inner
    defsig_abrt_inner.o(.text) refers to defsig_general.o(.text) for __default_signal_display
    defsig_fpe_inner.o(.text) refers to defsig_general.o(.text) for __default_signal_display
    defsig_rtred_inner.o(.text) refers to defsig_general.o(.text) for __default_signal_display
    defsig_stak_inner.o(.text) refers to defsig_general.o(.text) for __default_signal_display
    defsig_pvfn_inner.o(.text) refers to defsig_general.o(.text) for __default_signal_display
    defsig_cppl_inner.o(.text) refers to defsig_general.o(.text) for __default_signal_display
    defsig_segv_inner.o(.text) refers to defsig_general.o(.text) for __default_signal_display
    defsig_other.o(.text) refers to defsig_general.o(.text) for __default_signal_display


==============================================================================

Removing Unused input sections from the image.

    Removing exp2-3.o(i.ASCII2Disp), (40 bytes).
    Removing exp2-3.o(i.Displaynum), (348 bytes).
    Removing exp2-3.o(i.I2C0_ReadByte), (128 bytes).
    Removing exp2-3.o(i.UARTStringPutNonBlocking), (28 bytes).
    Removing exp2-3.o(.constdata), (48 bytes).
    Removing system_tm4c129.o(.rev16_text), (4 bytes).
    Removing system_tm4c129.o(.revsh_text), (4 bytes).
    Removing system_tm4c129.o(.rrx_text), (6 bytes).
    Removing system_tm4c129.o(i.SystemCoreClockUpdate), (16 bytes).
    Removing gpio.o(i.GPIOADCTriggerDisable), (14 bytes).
    Removing gpio.o(i.GPIOADCTriggerEnable), (12 bytes).
    Removing gpio.o(i.GPIODMATriggerDisable), (14 bytes).
    Removing gpio.o(i.GPIODMATriggerEnable), (12 bytes).
    Removing gpio.o(i.GPIODirModeGet), (34 bytes).
    Removing gpio.o(i.GPIOIntDisable), (14 bytes).
    Removing gpio.o(i.GPIOIntRegisterPin), (30 bytes).
    Removing gpio.o(i.GPIOIntStatus), (14 bytes).
    Removing gpio.o(i.GPIOIntTypeGet), (68 bytes).
    Removing gpio.o(i.GPIOIntUnregister), (22 bytes).
    Removing gpio.o(i.GPIOIntUnregisterPin), (26 bytes).
    Removing gpio.o(i.GPIOPadConfigGet), (204 bytes).
    Removing gpio.o(i.GPIOPinTypeADC), (28 bytes).
    Removing gpio.o(i.GPIOPinTypeCAN), (28 bytes).
    Removing gpio.o(i.GPIOPinTypeComparator), (28 bytes).
    Removing gpio.o(i.GPIOPinTypeComparatorOutput), (28 bytes).
    Removing gpio.o(i.GPIOPinTypeDIVSCLK), (28 bytes).
    Removing gpio.o(i.GPIOPinTypeEPI), (28 bytes).
    Removing gpio.o(i.GPIOPinTypeEthernetLED), (28 bytes).
    Removing gpio.o(i.GPIOPinTypeEthernetMII), (28 bytes).
    Removing gpio.o(i.GPIOPinTypeGPIOOutputOD), (28 bytes).
    Removing gpio.o(i.GPIOPinTypeHibernateRTCCLK), (28 bytes).
    Removing gpio.o(i.GPIOPinTypeLCD), (28 bytes).
    Removing gpio.o(i.GPIOPinTypeOneWire), (28 bytes).
    Removing gpio.o(i.GPIOPinTypePWM), (28 bytes).
    Removing gpio.o(i.GPIOPinTypeQEI), (28 bytes).
    Removing gpio.o(i.GPIOPinTypeSSI), (28 bytes).
    Removing gpio.o(i.GPIOPinTypeTimer), (28 bytes).
    Removing gpio.o(i.GPIOPinTypeTrace), (28 bytes).
    Removing gpio.o(i.GPIOPinTypeUSBAnalog), (28 bytes).
    Removing gpio.o(i.GPIOPinTypeUSBDigital), (28 bytes).
    Removing gpio.o(i.GPIOPinTypeWakeHigh), (30 bytes).
    Removing gpio.o(i.GPIOPinTypeWakeLow), (30 bytes).
    Removing gpio.o(i.GPIOPinWakeStatus), (6 bytes).
    Removing gpio.o(i.GPIOPinWrite), (6 bytes).
    Removing i2c.o(i.I2CFIFODataGet), (16 bytes).
    Removing i2c.o(i.I2CFIFODataGetNonBlocking), (24 bytes).
    Removing i2c.o(i.I2CFIFODataPut), (16 bytes).
    Removing i2c.o(i.I2CFIFODataPutNonBlocking), (20 bytes).
    Removing i2c.o(i.I2CFIFOStatus), (6 bytes).
    Removing i2c.o(i.I2CIntRegister), (96 bytes).
    Removing i2c.o(i.I2CIntUnregister), (96 bytes).
    Removing i2c.o(i.I2CLoopbackEnable), (10 bytes).
    Removing i2c.o(i.I2CMasterBurstCountGet), (4 bytes).
    Removing i2c.o(i.I2CMasterBurstLengthSet), (4 bytes).
    Removing i2c.o(i.I2CMasterBusBusy), (12 bytes).
    Removing i2c.o(i.I2CMasterDataGet), (4 bytes).
    Removing i2c.o(i.I2CMasterDisable), (10 bytes).
    Removing i2c.o(i.I2CMasterGlitchFilterConfigSet), (84 bytes).
    Removing i2c.o(i.I2CMasterIntClear), (8 bytes).
    Removing i2c.o(i.I2CMasterIntClearEx), (4 bytes).
    Removing i2c.o(i.I2CMasterIntDisable), (6 bytes).
    Removing i2c.o(i.I2CMasterIntDisableEx), (10 bytes).
    Removing i2c.o(i.I2CMasterIntEnable), (6 bytes).
    Removing i2c.o(i.I2CMasterIntEnableEx), (8 bytes).
    Removing i2c.o(i.I2CMasterIntStatus), (24 bytes).
    Removing i2c.o(i.I2CMasterIntStatusEx), (10 bytes).
    Removing i2c.o(i.I2CMasterLineStateGet), (4 bytes).
    Removing i2c.o(i.I2CMasterTimeoutSet), (4 bytes).
    Removing i2c.o(i.I2CRxFIFOConfigSet), (22 bytes).
    Removing i2c.o(i.I2CRxFIFOFlush), (14 bytes).
    Removing i2c.o(i.I2CSlaveACKOverride), (22 bytes).
    Removing i2c.o(i.I2CSlaveACKValueSet), (22 bytes).
    Removing i2c.o(i.I2CSlaveAddressSet), (24 bytes).
    Removing i2c.o(i.I2CSlaveDataGet), (6 bytes).
    Removing i2c.o(i.I2CSlaveDataPut), (6 bytes).
    Removing i2c.o(i.I2CSlaveDisable), (16 bytes).
    Removing i2c.o(i.I2CSlaveEnable), (16 bytes).
    Removing i2c.o(i.I2CSlaveFIFODisable), (8 bytes).
    Removing i2c.o(i.I2CSlaveFIFOEnable), (10 bytes).
    Removing i2c.o(i.I2CSlaveInit), (20 bytes).
    Removing i2c.o(i.I2CSlaveIntClear), (8 bytes).
    Removing i2c.o(i.I2CSlaveIntClearEx), (6 bytes).
    Removing i2c.o(i.I2CSlaveIntDisable), (14 bytes).
    Removing i2c.o(i.I2CSlaveIntDisableEx), (14 bytes).
    Removing i2c.o(i.I2CSlaveIntEnable), (14 bytes).
    Removing i2c.o(i.I2CSlaveIntEnableEx), (12 bytes).
    Removing i2c.o(i.I2CSlaveIntStatus), (28 bytes).
    Removing i2c.o(i.I2CSlaveIntStatusEx), (14 bytes).
    Removing i2c.o(i.I2CSlaveStatus), (6 bytes).
    Removing i2c.o(i.I2CTxFIFOConfigSet), (24 bytes).
    Removing i2c.o(i.I2CTxFIFOFlush), (14 bytes).
    Removing i2c.o(.constdata), (128 bytes).
    Removing interrupt.o(i.IntDisable), (100 bytes).
    Removing interrupt.o(i.IntIsEnabled), (96 bytes).
    Removing interrupt.o(i.IntMasterDisable), (14 bytes).
    Removing interrupt.o(i.IntPendClear), (68 bytes).
    Removing interrupt.o(i.IntPendSet), (84 bytes).
    Removing interrupt.o(i.IntPriorityMaskSet), (4 bytes).
    Removing interrupt.o(i.IntTrigger), (12 bytes).
    Removing interrupt.o(i.IntUnregister), (20 bytes).
    Removing interrupt.o(i._IntDefaultHandler), (2 bytes).
    Removing sysctl.o(.emb_text), (6 bytes).
    Removing sysctl.o(i.SysCtlAltClkConfig), (12 bytes).
    Removing sysctl.o(i.SysCtlClockGet), (340 bytes).
    Removing sysctl.o(i.SysCtlClockOutConfig), (20 bytes).
    Removing sysctl.o(i.SysCtlClockSet), (288 bytes).
    Removing sysctl.o(i.SysCtlDeepSleep), (32 bytes).
    Removing sysctl.o(i.SysCtlDeepSleepClockConfigSet), (112 bytes).
    Removing sysctl.o(i.SysCtlDeepSleepClockSet), (12 bytes).
    Removing sysctl.o(i.SysCtlDeepSleepPowerSet), (12 bytes).
    Removing sysctl.o(i.SysCtlFlashSectorSizeGet), (56 bytes).
    Removing sysctl.o(i.SysCtlFlashSizeGet), (56 bytes).
    Removing sysctl.o(i.SysCtlGPIOAHBDisable), (28 bytes).
    Removing sysctl.o(i.SysCtlGPIOAHBEnable), (24 bytes).
    Removing sysctl.o(i.SysCtlIntClear), (12 bytes).
    Removing sysctl.o(i.SysCtlIntDisable), (16 bytes).
    Removing sysctl.o(i.SysCtlIntEnable), (16 bytes).
    Removing sysctl.o(i.SysCtlIntRegister), (20 bytes).
    Removing sysctl.o(i.SysCtlIntStatus), (16 bytes).
    Removing sysctl.o(i.SysCtlIntUnregister), (18 bytes).
    Removing sysctl.o(i.SysCtlLDODeepSleepGet), (12 bytes).
    Removing sysctl.o(i.SysCtlLDODeepSleepSet), (12 bytes).
    Removing sysctl.o(i.SysCtlLDOSleepGet), (12 bytes).
    Removing sysctl.o(i.SysCtlLDOSleepSet), (12 bytes).
    Removing sysctl.o(i.SysCtlMOSCConfigSet), (12 bytes).
    Removing sysctl.o(i.SysCtlNMIClear), (16 bytes).
    Removing sysctl.o(i.SysCtlNMIStatus), (12 bytes).
    Removing sysctl.o(i.SysCtlPIOSCCalibrate), (76 bytes).
    Removing sysctl.o(i.SysCtlPWMClockGet), (24 bytes).
    Removing sysctl.o(i.SysCtlPWMClockSet), (20 bytes).
    Removing sysctl.o(i.SysCtlPeripheralClockGating), (68 bytes).
    Removing sysctl.o(i.SysCtlPeripheralDeepSleepDisable), (40 bytes).
    Removing sysctl.o(i.SysCtlPeripheralDeepSleepEnable), (40 bytes).
    Removing sysctl.o(i.SysCtlPeripheralDisable), (40 bytes).
    Removing sysctl.o(i.SysCtlPeripheralPowerOff), (40 bytes).
    Removing sysctl.o(i.SysCtlPeripheralPowerOn), (40 bytes).
    Removing sysctl.o(i.SysCtlPeripheralPresent), (44 bytes).
    Removing sysctl.o(i.SysCtlPeripheralReset), (60 bytes).
    Removing sysctl.o(i.SysCtlPeripheralSleepDisable), (40 bytes).
    Removing sysctl.o(i.SysCtlPeripheralSleepEnable), (40 bytes).
    Removing sysctl.o(i.SysCtlReset), (16 bytes).
    Removing sysctl.o(i.SysCtlResetBehaviorGet), (12 bytes).
    Removing sysctl.o(i.SysCtlResetBehaviorSet), (12 bytes).
    Removing sysctl.o(i.SysCtlResetCauseClear), (16 bytes).
    Removing sysctl.o(i.SysCtlResetCauseGet), (12 bytes).
    Removing sysctl.o(i.SysCtlSRAMSizeGet), (16 bytes).
    Removing sysctl.o(i.SysCtlSleep), (4 bytes).
    Removing sysctl.o(i.SysCtlSleepPowerSet), (12 bytes).
    Removing sysctl.o(i.SysCtlUSBPLLDisable), (16 bytes).
    Removing sysctl.o(i.SysCtlUSBPLLEnable), (16 bytes).
    Removing sysctl.o(i.SysCtlVCOGet), (120 bytes).
    Removing sysctl.o(i.SysCtlVoltageEventClear), (16 bytes).
    Removing sysctl.o(i.SysCtlVoltageEventConfig), (12 bytes).
    Removing sysctl.o(i.SysCtlVoltageEventStatus), (12 bytes).
    Removing systick.o(i.SysTickDisable), (14 bytes).
    Removing systick.o(i.SysTickIntDisable), (14 bytes).
    Removing systick.o(i.SysTickIntRegister), (24 bytes).
    Removing systick.o(i.SysTickIntUnregister), (18 bytes).
    Removing systick.o(i.SysTickPeriodGet), (10 bytes).
    Removing systick.o(i.SysTickValueGet), (8 bytes).
    Removing uart.o(i.UART9BitAddrSend), (38 bytes).
    Removing uart.o(i.UART9BitAddrSet), (10 bytes).
    Removing uart.o(i.UART9BitDisable), (14 bytes).
    Removing uart.o(i.UART9BitEnable), (14 bytes).
    Removing uart.o(i.UARTBreakCtl), (18 bytes).
    Removing uart.o(i.UARTBusy), (8 bytes).
    Removing uart.o(i.UARTCharGet), (12 bytes).
    Removing uart.o(i.UARTCharPutNonBlocking), (16 bytes).
    Removing uart.o(i.UARTClockSourceGet), (6 bytes).
    Removing uart.o(i.UARTClockSourceSet), (6 bytes).
    Removing uart.o(i.UARTConfigGetExpClk), (46 bytes).
    Removing uart.o(i.UARTDMADisable), (10 bytes).
    Removing uart.o(i.UARTDMAEnable), (8 bytes).
    Removing uart.o(i.UARTDisable), (30 bytes).
    Removing uart.o(i.UARTDisableSIR), (10 bytes).
    Removing uart.o(i.UARTEnable), (20 bytes).
    Removing uart.o(i.UARTEnableSIR), (18 bytes).
    Removing uart.o(i.UARTFIFODisable), (10 bytes).
    Removing uart.o(i.UARTFIFOEnable), (10 bytes).
    Removing uart.o(i.UARTFIFOLevelGet), (16 bytes).
    Removing uart.o(i.UARTFIFOLevelSet), (6 bytes).
    Removing uart.o(i.UARTFlowControlGet), (8 bytes).
    Removing uart.o(i.UARTFlowControlSet), (12 bytes).
    Removing uart.o(i.UARTIntDisable), (10 bytes).
    Removing uart.o(i.UARTIntRegister), (88 bytes).
    Removing uart.o(i.UARTIntUnregister), (88 bytes).
    Removing uart.o(i.UARTLoopbackEnable), (10 bytes).
    Removing uart.o(i.UARTModemControlClear), (14 bytes).
    Removing uart.o(i.UARTModemControlGet), (8 bytes).
    Removing uart.o(i.UARTModemControlSet), (12 bytes).
    Removing uart.o(i.UARTModemStatusGet), (10 bytes).
    Removing uart.o(i.UARTParityModeGet), (8 bytes).
    Removing uart.o(i.UARTParityModeSet), (12 bytes).
    Removing uart.o(i.UARTRxErrorClear), (6 bytes).
    Removing uart.o(i.UARTRxErrorGet), (8 bytes).
    Removing uart.o(i.UARTSmartCardDisable), (10 bytes).
    Removing uart.o(i.UARTSmartCardEnable), (22 bytes).
    Removing uart.o(i.UARTSpaceAvail), (10 bytes).
    Removing uart.o(i.UARTTxIntModeGet), (8 bytes).
    Removing uart.o(i.UARTTxIntModeSet), (12 bytes).
    Removing uart.o(.constdata), (128 bytes).

201 unused section(s) (total 5990 bytes) removed from the image.

==============================================================================

Image Symbol Table

    Local Symbols

    Symbol Name                              Value     Ov Type        Size  Object(Section)

    RESET                                    0x00000000   Section      512  startup_tm4c129.o(RESET)
    ../clib/angel/boardlib.s                 0x00000000   Number         0  boardinit1.o ABSOLUTE
    ../clib/angel/boardlib.s                 0x00000000   Number         0  boardinit3.o ABSOLUTE
    ../clib/angel/boardlib.s                 0x00000000   Number         0  boardinit2.o ABSOLUTE
    ../clib/angel/boardlib.s                 0x00000000   Number         0  boardshut.o ABSOLUTE
    ../clib/angel/dczerorl.s                 0x00000000   Number         0  __dczerorl.o ABSOLUTE
    ../clib/angel/handlers.s                 0x00000000   Number         0  __scatter_zi.o ABSOLUTE
    ../clib/angel/kernel.s                   0x00000000   Number         0  rtexit.o ABSOLUTE
    ../clib/angel/kernel.s                   0x00000000   Number         0  rtexit2.o ABSOLUTE
    ../clib/angel/kernel.s                   0x00000000   Number         0  __rtentry.o ABSOLUTE
    ../clib/angel/kernel.s                   0x00000000   Number         0  __rtentry4.o ABSOLUTE
    ../clib/angel/kernel.s                   0x00000000   Number         0  __rtentry2.o ABSOLUTE
    ../clib/angel/rt.s                       0x00000000   Number         0  rt_raise.o ABSOLUTE
    ../clib/angel/scatter.s                  0x00000000   Number         0  __scatter.o ABSOLUTE
    ../clib/angel/startup.s                  0x00000000   Number         0  __main.o ABSOLUTE
    ../clib/angel/sys.s                      0x00000000   Number         0  use_no_semi.o ABSOLUTE
    ../clib/angel/sys.s                      0x00000000   Number         0  indicate_semi.o ABSOLUTE
    ../clib/angel/sys.s                      0x00000000   Number         0  sys_stackheap_outer.o ABSOLUTE
    ../clib/angel/sys.s                      0x00000000   Number         0  libspace.o ABSOLUTE
    ../clib/angel/sysapp.c                   0x00000000   Number         0  sys_command.o ABSOLUTE
    ../clib/angel/sysapp.c                   0x00000000   Number         0  sys_exit.o ABSOLUTE
    ../clib/angel/sysapp.c                   0x00000000   Number         0  sys_wrch.o ABSOLUTE
    ../clib/armsys.c                         0x00000000   Number         0  no_argv.o ABSOLUTE
    ../clib/armsys.c                         0x00000000   Number         0  _get_argv_nomalloc.o ABSOLUTE
    ../clib/armsys.c                         0x00000000   Number         0  argv_veneer.o ABSOLUTE
    ../clib/armsys.c                         0x00000000   Number         0  argv_veneer.o ABSOLUTE
    ../clib/heapalloc.c                      0x00000000   Number         0  hrguard.o ABSOLUTE
    ../clib/heapaux.c                        0x00000000   Number         0  heapauxi.o ABSOLUTE
    ../clib/libinit.s                        0x00000000   Number         0  libshutdown.o ABSOLUTE
    ../clib/libinit.s                        0x00000000   Number         0  libinit2.o ABSOLUTE
    ../clib/libinit.s                        0x00000000   Number         0  libinit.o ABSOLUTE
    ../clib/libinit.s                        0x00000000   Number         0  libshutdown2.o ABSOLUTE
    ../clib/memcpset.s                       0x00000000   Number         0  rt_memclr.o ABSOLUTE
    ../clib/memcpset.s                       0x00000000   Number         0  strcmpv7m.o ABSOLUTE
    ../clib/memcpset.s                       0x00000000   Number         0  rt_memclr_w.o ABSOLUTE
    ../clib/signal.c                         0x00000000   Number         0  defsig_stak_inner.o ABSOLUTE
    ../clib/signal.c                         0x00000000   Number         0  defsig_other.o ABSOLUTE
    ../clib/signal.c                         0x00000000   Number         0  defsig_segv_inner.o ABSOLUTE
    ../clib/signal.c                         0x00000000   Number         0  defsig_cppl_inner.o ABSOLUTE
    ../clib/signal.c                         0x00000000   Number         0  defsig_pvfn_inner.o ABSOLUTE
    ../clib/signal.c                         0x00000000   Number         0  defsig_rtred_inner.o ABSOLUTE
    ../clib/signal.c                         0x00000000   Number         0  defsig_fpe_inner.o ABSOLUTE
    ../clib/signal.c                         0x00000000   Number         0  defsig_abrt_inner.o ABSOLUTE
    ../clib/signal.c                         0x00000000   Number         0  defsig_general.o ABSOLUTE
    ../clib/signal.c                         0x00000000   Number         0  defsig_rtmem_inner.o ABSOLUTE
    ../clib/signal.c                         0x00000000   Number         0  defsig_exit.o ABSOLUTE
    ../clib/signal.c                         0x00000000   Number         0  defsig_rtmem_formal.o ABSOLUTE
    ../clib/signal.c                         0x00000000   Number         0  defsig_rtmem_outer.o ABSOLUTE
    ../clib/signal.c                         0x00000000   Number         0  __raise.o ABSOLUTE
    ../clib/signal.s                         0x00000000   Number         0  defsig.o ABSOLUTE
    ../clib/stdlib.c                         0x00000000   Number         0  exit.o ABSOLUTE
    ../clib/string.c                         0x00000000   Number         0  strchr.o ABSOLUTE
    ../fplib/fpinit.s                        0x00000000   Number         0  fpinit.o ABSOLUTE
    RTE\Device\TM4C1294NCPDT\startup_TM4C129.s 0x00000000   Number         0  startup_tm4c129.o ABSOLUTE
    RTE\Device\TM4C1294NCPDT\system_TM4C129.c 0x00000000   Number         0  system_tm4c129.o ABSOLUTE
    RTE\\Device\\TM4C1294NCPDT\\system_TM4C129.c 0x00000000   Number         0  system_tm4c129.o ABSOLUTE
    cpu.c                                    0x00000000   Number         0  cpu.o ABSOLUTE
    cpu.c                                    0x00000000   Number         0  cpu.o ABSOLUTE
    dc.s                                     0x00000000   Number         0  dc.o ABSOLUTE
    exp2-3.c                                 0x00000000   Number         0  exp2-3.o ABSOLUTE
    gpio.c                                   0x00000000   Number         0  gpio.o ABSOLUTE
    i2c.c                                    0x00000000   Number         0  i2c.o ABSOLUTE
    interrupt.c                              0x00000000   Number         0  interrupt.o ABSOLUTE
    sysctl.c                                 0x00000000   Number         0  sysctl.o ABSOLUTE
    sysctl.c                                 0x00000000   Number         0  sysctl.o ABSOLUTE
    systick.c                                0x00000000   Number         0  systick.o ABSOLUTE
    uart.c                                   0x00000000   Number         0  uart.o ABSOLUTE
    !!!main                                  0x00000200   Section        8  __main.o(!!!main)
    !!!scatter                               0x00000208   Section       52  __scatter.o(!!!scatter)
    !!dczerorl                               0x0000023c   Section       58  __dczerorl.o(!!dczerorl)
    !!handler_zi                             0x00000278   Section       28  __scatter_zi.o(!!handler_zi)
    .ARM.Collect$$libinit$$00000000          0x00000294   Section        2  libinit.o(.ARM.Collect$$libinit$$00000000)
    .ARM.Collect$$libinit$$00000001          0x00000296   Section        4  libinit2.o(.ARM.Collect$$libinit$$00000001)
    .ARM.Collect$$libinit$$00000004          0x0000029a   Section        0  libinit2.o(.ARM.Collect$$libinit$$00000004)
    .ARM.Collect$$libinit$$0000000A          0x0000029a   Section        0  libinit2.o(.ARM.Collect$$libinit$$0000000A)
    .ARM.Collect$$libinit$$0000000C          0x0000029a   Section        0  libinit2.o(.ARM.Collect$$libinit$$0000000C)
    .ARM.Collect$$libinit$$0000000E          0x0000029a   Section        0  libinit2.o(.ARM.Collect$$libinit$$0000000E)
    .ARM.Collect$$libinit$$00000011          0x0000029a   Section        0  libinit2.o(.ARM.Collect$$libinit$$00000011)
    .ARM.Collect$$libinit$$00000013          0x0000029a   Section        0  libinit2.o(.ARM.Collect$$libinit$$00000013)
    .ARM.Collect$$libinit$$00000015          0x0000029a   Section        0  libinit2.o(.ARM.Collect$$libinit$$00000015)
    .ARM.Collect$$libinit$$00000017          0x0000029a   Section        0  libinit2.o(.ARM.Collect$$libinit$$00000017)
    .ARM.Collect$$libinit$$00000019          0x0000029a   Section        0  libinit2.o(.ARM.Collect$$libinit$$00000019)
    .ARM.Collect$$libinit$$0000001B          0x0000029a   Section        0  libinit2.o(.ARM.Collect$$libinit$$0000001B)
    .ARM.Collect$$libinit$$0000001D          0x0000029a   Section        0  libinit2.o(.ARM.Collect$$libinit$$0000001D)
    .ARM.Collect$$libinit$$0000001F          0x0000029a   Section        0  libinit2.o(.ARM.Collect$$libinit$$0000001F)
    .ARM.Collect$$libinit$$00000021          0x0000029a   Section        0  libinit2.o(.ARM.Collect$$libinit$$00000021)
    .ARM.Collect$$libinit$$00000023          0x0000029a   Section        0  libinit2.o(.ARM.Collect$$libinit$$00000023)
    .ARM.Collect$$libinit$$00000025          0x0000029a   Section        0  libinit2.o(.ARM.Collect$$libinit$$00000025)
    .ARM.Collect$$libinit$$0000002C          0x0000029a   Section        0  libinit2.o(.ARM.Collect$$libinit$$0000002C)
    .ARM.Collect$$libinit$$0000002E          0x0000029a   Section        0  libinit2.o(.ARM.Collect$$libinit$$0000002E)
    .ARM.Collect$$libinit$$00000030          0x0000029a   Section        0  libinit2.o(.ARM.Collect$$libinit$$00000030)
    .ARM.Collect$$libinit$$00000032          0x0000029a   Section        0  libinit2.o(.ARM.Collect$$libinit$$00000032)
    .ARM.Collect$$libinit$$00000033          0x0000029a   Section        2  libinit2.o(.ARM.Collect$$libinit$$00000033)
    .ARM.Collect$$libshutdown$$00000000      0x0000029c   Section        2  libshutdown.o(.ARM.Collect$$libshutdown$$00000000)
    .ARM.Collect$$libshutdown$$00000002      0x0000029e   Section        0  libshutdown2.o(.ARM.Collect$$libshutdown$$00000002)
    .ARM.Collect$$libshutdown$$00000004      0x0000029e   Section        0  libshutdown2.o(.ARM.Collect$$libshutdown$$00000004)
    .ARM.Collect$$libshutdown$$00000007      0x0000029e   Section        0  libshutdown2.o(.ARM.Collect$$libshutdown$$00000007)
    .ARM.Collect$$libshutdown$$0000000A      0x0000029e   Section        0  libshutdown2.o(.ARM.Collect$$libshutdown$$0000000A)
    .ARM.Collect$$libshutdown$$0000000C      0x0000029e   Section        0  libshutdown2.o(.ARM.Collect$$libshutdown$$0000000C)
    .ARM.Collect$$libshutdown$$0000000F      0x0000029e   Section        0  libshutdown2.o(.ARM.Collect$$libshutdown$$0000000F)
    .ARM.Collect$$libshutdown$$00000010      0x0000029e   Section        2  libshutdown2.o(.ARM.Collect$$libshutdown$$00000010)
    .ARM.Collect$$rtentry$$00000000          0x000002a0   Section        0  __rtentry.o(.ARM.Collect$$rtentry$$00000000)
    .ARM.Collect$$rtentry$$00000002          0x000002a0   Section        0  __rtentry2.o(.ARM.Collect$$rtentry$$00000002)
    .ARM.Collect$$rtentry$$00000004          0x000002a0   Section        6  __rtentry4.o(.ARM.Collect$$rtentry$$00000004)
    .ARM.Collect$$rtentry$$00000009          0x000002a6   Section        0  __rtentry2.o(.ARM.Collect$$rtentry$$00000009)
    .ARM.Collect$$rtentry$$0000000A          0x000002a6   Section        4  __rtentry2.o(.ARM.Collect$$rtentry$$0000000A)
    .ARM.Collect$$rtentry$$0000000C          0x000002aa   Section        0  __rtentry2.o(.ARM.Collect$$rtentry$$0000000C)
    .ARM.Collect$$rtentry$$0000000D          0x000002aa   Section        8  __rtentry2.o(.ARM.Collect$$rtentry$$0000000D)
    .ARM.Collect$$rtexit$$00000000           0x000002b2   Section        2  rtexit.o(.ARM.Collect$$rtexit$$00000000)
    .ARM.Collect$$rtexit$$00000002           0x000002b4   Section        0  rtexit2.o(.ARM.Collect$$rtexit$$00000002)
    .ARM.Collect$$rtexit$$00000003           0x000002b4   Section        4  rtexit2.o(.ARM.Collect$$rtexit$$00000003)
    .ARM.Collect$$rtexit$$00000004           0x000002b8   Section        6  rtexit2.o(.ARM.Collect$$rtexit$$00000004)
    .emb_text                                0x000002c0   Section       38  cpu.o(.emb_text)
    $v0                                      0x000002c0   Number         0  cpu.o(.emb_text)
    .text                                    0x000002e8   Section      300  startup_tm4c129.o(.text)
    $v0                                      0x000002e8   Number         0  startup_tm4c129.o(.text)
    .text                                    0x00000414   Section       68  rt_memclr.o(.text)
    .text                                    0x00000458   Section      128  strcmpv7m.o(.text)
    .text                                    0x000004d8   Section        0  heapauxi.o(.text)
    .text                                    0x000004de   Section       78  rt_memclr_w.o(.text)
    .text                                    0x0000052c   Section       74  sys_stackheap_outer.o(.text)
    .text                                    0x00000576   Section        0  exit.o(.text)
    .text                                    0x00000588   Section        8  libspace.o(.text)
    .text                                    0x00000590   Section        0  sys_exit.o(.text)
    .text                                    0x0000059c   Section        2  use_no_semi.o(.text)
    .text                                    0x0000059e   Section        0  indicate_semi.o(.text)
    i.Delay                                  0x0000059e   Section        0  exp2-3.o(i.Delay)
    i.Display                                0x000005ac   Section        0  exp2-3.o(i.Display)
    i.GPIODirModeSet                         0x000006a4   Section        0  gpio.o(i.GPIODirModeSet)
    i.GPIOIntClear                           0x000006cc   Section        0  gpio.o(i.GPIOIntClear)
    i.GPIOIntEnable                          0x000006d2   Section        0  gpio.o(i.GPIOIntEnable)
    i.GPIOIntRegister                        0x000006de   Section        0  gpio.o(i.GPIOIntRegister)
    i.GPIOIntTypeSet                         0x000006f8   Section        0  gpio.o(i.GPIOIntTypeSet)
    i.GPIOJ_Handler                          0x00000748   Section        0  exp2-3.o(i.GPIOJ_Handler)
    i.GPIOPadConfigSet                       0x000007a8   Section        0  gpio.o(i.GPIOPadConfigSet)
    i.GPIOPinConfigure                       0x000008e0   Section        0  gpio.o(i.GPIOPinConfigure)
    i.GPIOPinRead                            0x00000924   Section        0  gpio.o(i.GPIOPinRead)
    i.GPIOPinTypeGPIOInput                   0x0000092a   Section        0  gpio.o(i.GPIOPinTypeGPIOInput)
    i.GPIOPinTypeGPIOOutput                  0x00000946   Section        0  gpio.o(i.GPIOPinTypeGPIOOutput)
    i.GPIOPinTypeI2C                         0x00000962   Section        0  gpio.o(i.GPIOPinTypeI2C)
    i.GPIOPinTypeI2CSCL                      0x0000097e   Section        0  gpio.o(i.GPIOPinTypeI2CSCL)
    i.GPIOPinTypeUART                        0x0000099a   Section        0  gpio.o(i.GPIOPinTypeUART)
    i.I2C0_WriteByte                         0x000009b8   Section        0  exp2-3.o(i.I2C0_WriteByte)
    i.I2CMasterBusy                          0x00000a2c   Section        0  i2c.o(i.I2CMasterBusy)
    i.I2CMasterControl                       0x00000a38   Section        0  i2c.o(i.I2CMasterControl)
    i.I2CMasterDataPut                       0x00000a3c   Section        0  i2c.o(i.I2CMasterDataPut)
    i.I2CMasterEnable                        0x00000a40   Section        0  i2c.o(i.I2CMasterEnable)
    i.I2CMasterErr                           0x00000a4a   Section        0  i2c.o(i.I2CMasterErr)
    i.I2CMasterInitExpClk                    0x00000a64   Section        0  i2c.o(i.I2CMasterInitExpClk)
    i.I2CMasterSlaveAddrSet                  0x00000ab8   Section        0  i2c.o(i.I2CMasterSlaveAddrSet)
    i.IntEnable                              0x00000ac0   Section        0  interrupt.o(i.IntEnable)
    i.IntMasterEnable                        0x00000b24   Section        0  interrupt.o(i.IntMasterEnable)
    i.IntPriorityGet                         0x00000b34   Section        0  interrupt.o(i.IntPriorityGet)
    i.IntPriorityGroupingGet                 0x00000b50   Section        0  interrupt.o(i.IntPriorityGroupingGet)
    i.IntPriorityGroupingSet                 0x00000b74   Section        0  interrupt.o(i.IntPriorityGroupingSet)
    i.IntPriorityMaskGet                     0x00000b90   Section        0  interrupt.o(i.IntPriorityMaskGet)
    i.IntPrioritySet                         0x00000b94   Section        0  interrupt.o(i.IntPrioritySet)
    i.IntRegister                            0x00000bbc   Section        0  interrupt.o(i.IntRegister)
    i.S800_GPIO_Init                         0x00000bf0   Section        0  exp2-3.o(i.S800_GPIO_Init)
    i.S800_I2C0_Init                         0x00000c98   Section        0  exp2-3.o(i.S800_I2C0_Init)
    i.S800_UART_Init                         0x00000d30   Section        0  exp2-3.o(i.S800_UART_Init)
    i.SysCtlClockFreqSet                     0x00000da0   Section        0  sysctl.o(i.SysCtlClockFreqSet)
    i.SysCtlPeripheralEnable                 0x0000108c   Section        0  sysctl.o(i.SysCtlPeripheralEnable)
    i.SysCtlPeripheralReady                  0x000010b4   Section        0  sysctl.o(i.SysCtlPeripheralReady)
    i.SysTickEnable                          0x000010e0   Section        0  systick.o(i.SysTickEnable)
    i.SysTickIntEnable                       0x000010ee   Section        0  systick.o(i.SysTickIntEnable)
    i.SysTickPeriodSet                       0x000010fc   Section        0  systick.o(i.SysTickPeriodSet)
    i.SysTick_Handler                        0x00001108   Section        0  exp2-3.o(i.SysTick_Handler)
    i.SystemInit                             0x000011ac   Section        0  system_tm4c129.o(i.SystemInit)
    i.UART0_Handler                          0x000011cc   Section        0  exp2-3.o(i.UART0_Handler)
    i.UARTCharGetNonBlocking                 0x00001214   Section        0  uart.o(i.UARTCharGetNonBlocking)
    i.UARTCharPut                            0x00001224   Section        0  uart.o(i.UARTCharPut)
    i.UARTCharsAvail                         0x00001230   Section        0  uart.o(i.UARTCharsAvail)
    i.UARTConfigSetExpClk                    0x0000123a   Section        0  uart.o(i.UARTConfigSetExpClk)
    i.UARTIntClear                           0x000012a8   Section        0  uart.o(i.UARTIntClear)
    i.UARTIntEnable                          0x000012ac   Section        0  uart.o(i.UARTIntEnable)
    i.UARTIntStatus                          0x000012b4   Section        0  uart.o(i.UARTIntStatus)
    i.UARTStringPut                          0x000012c0   Section        0  exp2-3.o(i.UARTStringPut)
    i._GPIOIntNumberGet                      0x000012dc   Section        0  gpio.o(i._GPIOIntNumberGet)
    _GPIOIntNumberGet                        0x000012dd   Thumb Code    62  gpio.o(i._GPIOIntNumberGet)
    i.decrease_one                           0x0000132c   Section        0  exp2-3.o(i.decrease_one)
    i.flash                                  0x000013fc   Section        0  exp2-3.o(i.flash)
    i.main                                   0x0000144c   Section        0  exp2-3.o(i.main)
    i.plus_one                               0x00001598   Section        0  exp2-3.o(i.plus_one)
    i.processChar                            0x0000164c   Section        0  exp2-3.o(i.processChar)
    i.processCommand                         0x000016c4   Section        0  exp2-3.o(i.processCommand)
    x$fpl$fpinit                             0x0000184c   Section       10  fpinit.o(x$fpl$fpinit)
    $v0                                      0x0000184c   Number         0  fpinit.o(x$fpl$fpinit)
    .constdata                               0x00001858   Section      552  gpio.o(.constdata)
    g_ppui32GPIOIntMapBlizzard               0x00001858   Data         192  gpio.o(.constdata)
    g_ppui32GPIOIntMapSnowflake              0x00001918   Data         216  gpio.o(.constdata)
    g_pui32GPIOBaseAddrs                     0x000019f0   Data         144  gpio.o(.constdata)
    .constdata                               0x00001a80   Section      268  interrupt.o(.constdata)
    g_pui32Priority                          0x00001a80   Data          32  interrupt.o(.constdata)
    g_pui32Regs                              0x00001aa0   Data         156  interrupt.o(.constdata)
    g_pui32EnRegs                            0x00001b3c   Data          20  interrupt.o(.constdata)
    g_pui32Dii16Regs                         0x00001b50   Data          20  interrupt.o(.constdata)
    g_pui32PendRegs                          0x00001b64   Data          20  interrupt.o(.constdata)
    g_pui32UnpendRegs                        0x00001b78   Data          20  interrupt.o(.constdata)
    .constdata                               0x00001b8c   Section      596  sysctl.o(.constdata)
    g_pui32VCOFrequencies                    0x00001b8c   Data           8  sysctl.o(.constdata)
    g_pui32Xtals                             0x00001b94   Data         108  sysctl.o(.constdata)
    g_pppui32XTALtoVCO                       0x00001c00   Data         432  sysctl.o(.constdata)
    g_sXTALtoMEMTIM                          0x00001db0   Data          48  sysctl.o(.constdata)
    .data                                    0x20000000   Section      130  exp2-3.o(.data)
    .data                                    0x20000084   Section        4  system_tm4c129.o(.data)
    vtable                                   0x20000400   Section      620  interrupt.o(vtable)
    g_pfnRAMVectors                          0x20000400   Data         620  interrupt.o(vtable)
    .bss                                     0x2000066c   Section       25  exp2-3.o(.bss)
    .bss                                     0x20000688   Section       96  libspace.o(.bss)
    HEAP                                     0x200006e8   Section        0  startup_tm4c129.o(HEAP)
    STACK                                    0x200006e8   Section      512  startup_tm4c129.o(STACK)
    Heap_Mem                                 0x200006e8   Data           0  startup_tm4c129.o(HEAP)
    Stack_Mem                                0x200006e8   Data         512  startup_tm4c129.o(STACK)
    __initial_sp                             0x200008e8   Data           0  startup_tm4c129.o(STACK)

    Global Symbols

    Symbol Name                              Value     Ov Type        Size  Object(Section)

    BuildAttributes$$THM_ISAv4$E$P$D$K$B$S$7EM$VFPi3$EXTD16$VFPS$VFMA$PE$A:L22UL41UL21$X:L11$S22US41US21$IEEE1$IW$USESV6$~STKCKD$USESV7$~SHL$OTIME$ROPI$EBA8$UX$STANDARDLIB$REQ8$PRES8$EABIv2 0x00000000   Number         0  anon$$obj.o ABSOLUTE
    __ARM_use_no_argv                        0x00000000   Number         0  exp2-3.o ABSOLUTE
    __Vectors                                0x00000000   Data           4  startup_tm4c129.o(RESET)
    __ARM_exceptions_init                     - Undefined Weak Reference
    __alloca_initialize                       - Undefined Weak Reference
    __arm_preinit_                            - Undefined Weak Reference
    __cpp_initialize__aeabi_                  - Undefined Weak Reference
    __cxa_finalize                            - Undefined Weak Reference
    __rt_locale                               - Undefined Weak Reference
    __sigvec_lookup                           - Undefined Weak Reference
    _atexit_init                              - Undefined Weak Reference
    _call_atexit_fns                          - Undefined Weak Reference
    _clock_init                               - Undefined Weak Reference
    _fp_trap_init                             - Undefined Weak Reference
    _fp_trap_shutdown                         - Undefined Weak Reference
    _get_lc_collate                           - Undefined Weak Reference
    _get_lc_ctype                             - Undefined Weak Reference
    _get_lc_monetary                          - Undefined Weak Reference
    _get_lc_numeric                           - Undefined Weak Reference
    _get_lc_time                              - Undefined Weak Reference
    _getenv_init                              - Undefined Weak Reference
    _handle_redirection                       - Undefined Weak Reference
    _init_alloc                               - Undefined Weak Reference
    _init_user_alloc                          - Undefined Weak Reference
    _initio                                   - Undefined Weak Reference
    _rand_init                                - Undefined Weak Reference
    _signal_finish                            - Undefined Weak Reference
    _signal_init                              - Undefined Weak Reference
    _terminate_alloc                          - Undefined Weak Reference
    _terminate_user_alloc                     - Undefined Weak Reference
    _terminateio                              - Undefined Weak Reference
    __Vectors_End                            0x00000200   Data           0  startup_tm4c129.o(RESET)
    __Vectors_Size                           0x00000200   Number         0  startup_tm4c129.o ABSOLUTE
    __main                                   0x00000201   Thumb Code     8  __main.o(!!!main)
    __scatterload                            0x00000209   Thumb Code     0  __scatter.o(!!!scatter)
    __scatterload_rt2                        0x00000209   Thumb Code    44  __scatter.o(!!!scatter)
    __scatterload_rt2_thumb_only             0x00000209   Thumb Code     0  __scatter.o(!!!scatter)
    __scatterload_null                       0x00000217   Thumb Code     0  __scatter.o(!!!scatter)
    __decompress                             0x0000023d   Thumb Code    58  __dczerorl.o(!!dczerorl)
    __decompress0                            0x0000023d   Thumb Code     0  __dczerorl.o(!!dczerorl)
    __scatterload_zeroinit                   0x00000279   Thumb Code    28  __scatter_zi.o(!!handler_zi)
    __rt_lib_init                            0x00000295   Thumb Code     0  libinit.o(.ARM.Collect$$libinit$$00000000)
    __rt_lib_init_fp_1                       0x00000297   Thumb Code     0  libinit2.o(.ARM.Collect$$libinit$$00000001)
    __rt_lib_init_alloca_1                   0x0000029b   Thumb Code     0  libinit2.o(.ARM.Collect$$libinit$$0000002E)
    __rt_lib_init_argv_1                     0x0000029b   Thumb Code     0  libinit2.o(.ARM.Collect$$libinit$$0000002C)
    __rt_lib_init_atexit_1                   0x0000029b   Thumb Code     0  libinit2.o(.ARM.Collect$$libinit$$0000001B)
    __rt_lib_init_clock_1                    0x0000029b   Thumb Code     0  libinit2.o(.ARM.Collect$$libinit$$00000021)
    __rt_lib_init_cpp_1                      0x0000029b   Thumb Code     0  libinit2.o(.ARM.Collect$$libinit$$00000032)
    __rt_lib_init_exceptions_1               0x0000029b   Thumb Code     0  libinit2.o(.ARM.Collect$$libinit$$00000030)
    __rt_lib_init_fp_trap_1                  0x0000029b   Thumb Code     0  libinit2.o(.ARM.Collect$$libinit$$0000001F)
    __rt_lib_init_getenv_1                   0x0000029b   Thumb Code     0  libinit2.o(.ARM.Collect$$libinit$$00000023)
    __rt_lib_init_heap_1                     0x0000029b   Thumb Code     0  libinit2.o(.ARM.Collect$$libinit$$0000000A)
    __rt_lib_init_lc_collate_1               0x0000029b   Thumb Code     0  libinit2.o(.ARM.Collect$$libinit$$00000011)
    __rt_lib_init_lc_ctype_1                 0x0000029b   Thumb Code     0  libinit2.o(.ARM.Collect$$libinit$$00000013)
    __rt_lib_init_lc_monetary_1              0x0000029b   Thumb Code     0  libinit2.o(.ARM.Collect$$libinit$$00000015)
    __rt_lib_init_lc_numeric_1               0x0000029b   Thumb Code     0  libinit2.o(.ARM.Collect$$libinit$$00000017)
    __rt_lib_init_lc_time_1                  0x0000029b   Thumb Code     0  libinit2.o(.ARM.Collect$$libinit$$00000019)
    __rt_lib_init_preinit_1                  0x0000029b   Thumb Code     0  libinit2.o(.ARM.Collect$$libinit$$00000004)
    __rt_lib_init_rand_1                     0x0000029b   Thumb Code     0  libinit2.o(.ARM.Collect$$libinit$$0000000E)
    __rt_lib_init_return                     0x0000029b   Thumb Code     0  libinit2.o(.ARM.Collect$$libinit$$00000033)
    __rt_lib_init_signal_1                   0x0000029b   Thumb Code     0  libinit2.o(.ARM.Collect$$libinit$$0000001D)
    __rt_lib_init_stdio_1                    0x0000029b   Thumb Code     0  libinit2.o(.ARM.Collect$$libinit$$00000025)
    __rt_lib_init_user_alloc_1               0x0000029b   Thumb Code     0  libinit2.o(.ARM.Collect$$libinit$$0000000C)
    __rt_lib_shutdown                        0x0000029d   Thumb Code     0  libshutdown.o(.ARM.Collect$$libshutdown$$00000000)
    __rt_lib_shutdown_cpp_1                  0x0000029f   Thumb Code     0  libshutdown2.o(.ARM.Collect$$libshutdown$$00000002)
    __rt_lib_shutdown_fp_trap_1              0x0000029f   Thumb Code     0  libshutdown2.o(.ARM.Collect$$libshutdown$$00000007)
    __rt_lib_shutdown_heap_1                 0x0000029f   Thumb Code     0  libshutdown2.o(.ARM.Collect$$libshutdown$$0000000F)
    __rt_lib_shutdown_return                 0x0000029f   Thumb Code     0  libshutdown2.o(.ARM.Collect$$libshutdown$$00000010)
    __rt_lib_shutdown_signal_1               0x0000029f   Thumb Code     0  libshutdown2.o(.ARM.Collect$$libshutdown$$0000000A)
    __rt_lib_shutdown_stdio_1                0x0000029f   Thumb Code     0  libshutdown2.o(.ARM.Collect$$libshutdown$$00000004)
    __rt_lib_shutdown_user_alloc_1           0x0000029f   Thumb Code     0  libshutdown2.o(.ARM.Collect$$libshutdown$$0000000C)
    __rt_entry                               0x000002a1   Thumb Code     0  __rtentry.o(.ARM.Collect$$rtentry$$00000000)
    __rt_entry_presh_1                       0x000002a1   Thumb Code     0  __rtentry2.o(.ARM.Collect$$rtentry$$00000002)
    __rt_entry_sh                            0x000002a1   Thumb Code     0  __rtentry4.o(.ARM.Collect$$rtentry$$00000004)
    __rt_entry_li                            0x000002a7   Thumb Code     0  __rtentry2.o(.ARM.Collect$$rtentry$$0000000A)
    __rt_entry_postsh_1                      0x000002a7   Thumb Code     0  __rtentry2.o(.ARM.Collect$$rtentry$$00000009)
    __rt_entry_main                          0x000002ab   Thumb Code     0  __rtentry2.o(.ARM.Collect$$rtentry$$0000000D)
    __rt_entry_postli_1                      0x000002ab   Thumb Code     0  __rtentry2.o(.ARM.Collect$$rtentry$$0000000C)
    __rt_exit                                0x000002b3   Thumb Code     0  rtexit.o(.ARM.Collect$$rtexit$$00000000)
    __rt_exit_ls                             0x000002b5   Thumb Code     0  rtexit2.o(.ARM.Collect$$rtexit$$00000003)
    __rt_exit_prels_1                        0x000002b5   Thumb Code     0  rtexit2.o(.ARM.Collect$$rtexit$$00000002)
    __rt_exit_exit                           0x000002b9   Thumb Code     0  rtexit2.o(.ARM.Collect$$rtexit$$00000004)
    CPUcpsid                                 0x000002c1   Thumb Code     8  cpu.o(.emb_text)
    CPUprimask                               0x000002c9   Thumb Code     6  cpu.o(.emb_text)
    CPUcpsie                                 0x000002cf   Thumb Code     8  cpu.o(.emb_text)
    CPUwfi                                   0x000002d7   Thumb Code     4  cpu.o(.emb_text)
    CPUbasepriSet                            0x000002db   Thumb Code     6  cpu.o(.emb_text)
    CPUbasepriGet                            0x000002e1   Thumb Code     6  cpu.o(.emb_text)
    Reset_Handler                            0x000002e9   Thumb Code     8  startup_tm4c129.o(.text)
    NMI_Handler                              0x000002f1   Thumb Code     2  startup_tm4c129.o(.text)
    HardFault_Handler                        0x000002f3   Thumb Code     2  startup_tm4c129.o(.text)
    MemManage_Handler                        0x000002f5   Thumb Code     2  startup_tm4c129.o(.text)
    BusFault_Handler                         0x000002f7   Thumb Code     2  startup_tm4c129.o(.text)
    UsageFault_Handler                       0x000002f9   Thumb Code     2  startup_tm4c129.o(.text)
    SVC_Handler                              0x000002fb   Thumb Code     2  startup_tm4c129.o(.text)
    DebugMon_Handler                         0x000002fd   Thumb Code     2  startup_tm4c129.o(.text)
    PendSV_Handler                           0x000002ff   Thumb Code     2  startup_tm4c129.o(.text)
    GPIOA_Handler                            0x00000303   Thumb Code     2  startup_tm4c129.o(.text)
    GPIOB_Handler                            0x00000305   Thumb Code     2  startup_tm4c129.o(.text)
    GPIOC_Handler                            0x00000307   Thumb Code     2  startup_tm4c129.o(.text)
    GPIOD_Handler                            0x00000309   Thumb Code     2  startup_tm4c129.o(.text)
    GPIOE_Handler                            0x0000030b   Thumb Code     2  startup_tm4c129.o(.text)
    UART1_Handler                            0x0000030f   Thumb Code     2  startup_tm4c129.o(.text)
    SSI0_Handler                             0x00000311   Thumb Code     2  startup_tm4c129.o(.text)
    I2C0_Handler                             0x00000313   Thumb Code     2  startup_tm4c129.o(.text)
    PMW0_FAULT_Handler                       0x00000315   Thumb Code     2  startup_tm4c129.o(.text)
    PWM0_0_Handler                           0x00000317   Thumb Code     2  startup_tm4c129.o(.text)
    PWM0_1_Handler                           0x00000319   Thumb Code     2  startup_tm4c129.o(.text)
    PWM0_2_Handler                           0x0000031b   Thumb Code     2  startup_tm4c129.o(.text)
    QEI0_Handler                             0x0000031d   Thumb Code     2  startup_tm4c129.o(.text)
    ADC0SS0_Handler                          0x0000031f   Thumb Code     2  startup_tm4c129.o(.text)
    ADC0SS1_Handler                          0x00000321   Thumb Code     2  startup_tm4c129.o(.text)
    ADC0SS2_Handler                          0x00000323   Thumb Code     2  startup_tm4c129.o(.text)
    ADC0SS3_Handler                          0x00000325   Thumb Code     2  startup_tm4c129.o(.text)
    WDT0_Handler                             0x00000327   Thumb Code     2  startup_tm4c129.o(.text)
    TIMER0A_Handler                          0x00000329   Thumb Code     2  startup_tm4c129.o(.text)
    TIMER0B_Handler                          0x0000032b   Thumb Code     2  startup_tm4c129.o(.text)
    TIMER1A_Handler                          0x0000032d   Thumb Code     2  startup_tm4c129.o(.text)
    TIMER1B_Handler                          0x0000032f   Thumb Code     2  startup_tm4c129.o(.text)
    TIMER2A_Handler                          0x00000331   Thumb Code     2  startup_tm4c129.o(.text)
    TIMER2B_Handler                          0x00000333   Thumb Code     2  startup_tm4c129.o(.text)
    COMP0_Handler                            0x00000335   Thumb Code     2  startup_tm4c129.o(.text)
    COMP1_Handler                            0x00000337   Thumb Code     2  startup_tm4c129.o(.text)
    COMP2_Handler                            0x00000339   Thumb Code     2  startup_tm4c129.o(.text)
    SYSCTL_Handler                           0x0000033b   Thumb Code     2  startup_tm4c129.o(.text)
    FLASH_Handler                            0x0000033d   Thumb Code     2  startup_tm4c129.o(.text)
    GPIOF_Handler                            0x0000033f   Thumb Code     2  startup_tm4c129.o(.text)
    GPIOG_Handler                            0x00000341   Thumb Code     2  startup_tm4c129.o(.text)
    GPIOH_Handler                            0x00000343   Thumb Code     2  startup_tm4c129.o(.text)
    UART2_Handler                            0x00000345   Thumb Code     2  startup_tm4c129.o(.text)
    SSI1_Handler                             0x00000347   Thumb Code     2  startup_tm4c129.o(.text)
    TIMER3A_Handler                          0x00000349   Thumb Code     2  startup_tm4c129.o(.text)
    TIMER3B_Handler                          0x0000034b   Thumb Code     2  startup_tm4c129.o(.text)
    I2C1_Handler                             0x0000034d   Thumb Code     2  startup_tm4c129.o(.text)
    CAN0_Handler                             0x0000034f   Thumb Code     2  startup_tm4c129.o(.text)
    CAN1_Handler                             0x00000351   Thumb Code     2  startup_tm4c129.o(.text)
    ETH_Handler                              0x00000353   Thumb Code     2  startup_tm4c129.o(.text)
    HIB_Handler                              0x00000355   Thumb Code     2  startup_tm4c129.o(.text)
    USB0_Handler                             0x00000357   Thumb Code     2  startup_tm4c129.o(.text)
    PWM0_3_Handler                           0x00000359   Thumb Code     2  startup_tm4c129.o(.text)
    UDMA_Handler                             0x0000035b   Thumb Code     2  startup_tm4c129.o(.text)
    UDMAERR_Handler                          0x0000035d   Thumb Code     2  startup_tm4c129.o(.text)
    ADC1SS0_Handler                          0x0000035f   Thumb Code     2  startup_tm4c129.o(.text)
    ADC1SS1_Handler                          0x00000361   Thumb Code     2  startup_tm4c129.o(.text)
    ADC1SS2_Handler                          0x00000363   Thumb Code     2  startup_tm4c129.o(.text)
    ADC1SS3_Handler                          0x00000365   Thumb Code     2  startup_tm4c129.o(.text)
    EBI0_Handler                             0x00000367   Thumb Code     2  startup_tm4c129.o(.text)
    GPIOK_Handler                            0x0000036b   Thumb Code     2  startup_tm4c129.o(.text)
    GPIOL_Handler                            0x0000036d   Thumb Code     2  startup_tm4c129.o(.text)
    SSI2_Handler                             0x0000036f   Thumb Code     2  startup_tm4c129.o(.text)
    SSI3_Handler                             0x00000371   Thumb Code     2  startup_tm4c129.o(.text)
    UART3_Handler                            0x00000373   Thumb Code     2  startup_tm4c129.o(.text)
    UART4_Handler                            0x00000375   Thumb Code     2  startup_tm4c129.o(.text)
    UART5_Handler                            0x00000377   Thumb Code     2  startup_tm4c129.o(.text)
    UART6_Handler                            0x00000379   Thumb Code     2  startup_tm4c129.o(.text)
    UART7_Handler                            0x0000037b   Thumb Code     2  startup_tm4c129.o(.text)
    I2C2_Handler                             0x0000037d   Thumb Code     2  startup_tm4c129.o(.text)
    I2C3_Handler                             0x0000037f   Thumb Code     2  startup_tm4c129.o(.text)
    TIMER4A_Handler                          0x00000381   Thumb Code     2  startup_tm4c129.o(.text)
    TIMER4B_Handler                          0x00000383   Thumb Code     2  startup_tm4c129.o(.text)
    TIMER5A_Handler                          0x00000385   Thumb Code     2  startup_tm4c129.o(.text)
    TIMER5B_Handler                          0x00000387   Thumb Code     2  startup_tm4c129.o(.text)
    WTIMER0A_Handler                         0x00000389   Thumb Code     2  startup_tm4c129.o(.text)
    WTIMER0B_Handler                         0x0000038b   Thumb Code     2  startup_tm4c129.o(.text)
    WTIMER1A_Handler                         0x0000038d   Thumb Code     2  startup_tm4c129.o(.text)
    WTIMER1B_Handler                         0x0000038f   Thumb Code     2  startup_tm4c129.o(.text)
    WTIMER2A_Handler                         0x00000391   Thumb Code     2  startup_tm4c129.o(.text)
    WTIMER2B_Handler                         0x00000393   Thumb Code     2  startup_tm4c129.o(.text)
    WTIMER3A_Handler                         0x00000395   Thumb Code     2  startup_tm4c129.o(.text)
    WTIMER3B_Handler                         0x00000397   Thumb Code     2  startup_tm4c129.o(.text)
    WTIMER4A_Handler                         0x00000399   Thumb Code     2  startup_tm4c129.o(.text)
    WTIMER4B_Handler                         0x0000039b   Thumb Code     2  startup_tm4c129.o(.text)
    WTIMER5A_Handler                         0x0000039d   Thumb Code     2  startup_tm4c129.o(.text)
    WTIMER5B_Handler                         0x0000039f   Thumb Code     2  startup_tm4c129.o(.text)
    FPU_Handler                              0x000003a1   Thumb Code     2  startup_tm4c129.o(.text)
    I2C4_Handler                             0x000003a3   Thumb Code     2  startup_tm4c129.o(.text)
    I2C5_Handler                             0x000003a5   Thumb Code     2  startup_tm4c129.o(.text)
    GPIOM_Handler                            0x000003a7   Thumb Code     2  startup_tm4c129.o(.text)
    GPION_Handler                            0x000003a9   Thumb Code     2  startup_tm4c129.o(.text)
    TAMPER_Handler                           0x000003ab   Thumb Code     2  startup_tm4c129.o(.text)
    GPIOP0_Handler                           0x000003ad   Thumb Code     2  startup_tm4c129.o(.text)
    GPIOP1_Handler                           0x000003af   Thumb Code     2  startup_tm4c129.o(.text)
    GPIOP2_Handler                           0x000003b1   Thumb Code     2  startup_tm4c129.o(.text)
    GPIOP3_Handler                           0x000003b3   Thumb Code     2  startup_tm4c129.o(.text)
    GPIOP4_Handler                           0x000003b5   Thumb Code     2  startup_tm4c129.o(.text)
    GPIOP5_Handler                           0x000003b7   Thumb Code     2  startup_tm4c129.o(.text)
    GPIOP6_Handler                           0x000003b9   Thumb Code     2  startup_tm4c129.o(.text)
    GPIOP7_Handler                           0x000003bb   Thumb Code     2  startup_tm4c129.o(.text)
    GPIOQ0_Handler                           0x000003bd   Thumb Code     2  startup_tm4c129.o(.text)
    GPIOQ1_Handler                           0x000003bf   Thumb Code     2  startup_tm4c129.o(.text)
    GPIOQ2_Handler                           0x000003c1   Thumb Code     2  startup_tm4c129.o(.text)
    GPIOQ3_Handler                           0x000003c3   Thumb Code     2  startup_tm4c129.o(.text)
    GPIOQ4_Handler                           0x000003c5   Thumb Code     2  startup_tm4c129.o(.text)
    GPIOQ5_Handler                           0x000003c7   Thumb Code     2  startup_tm4c129.o(.text)
    GPIOQ6_Handler                           0x000003c9   Thumb Code     2  startup_tm4c129.o(.text)
    GPIOQ7_Handler                           0x000003cb   Thumb Code     2  startup_tm4c129.o(.text)
    GPIOR_Handler                            0x000003cd   Thumb Code     2  startup_tm4c129.o(.text)
    GPIOS_Handler                            0x000003cf   Thumb Code     2  startup_tm4c129.o(.text)
    SHAMD5_Handler                           0x000003d1   Thumb Code     2  startup_tm4c129.o(.text)
    AES_Handler                              0x000003d3   Thumb Code     2  startup_tm4c129.o(.text)
    DES3DES_Handler                          0x000003d5   Thumb Code     2  startup_tm4c129.o(.text)
    LCDCONTROLLER_Handler                    0x000003d7   Thumb Code     2  startup_tm4c129.o(.text)
    TIMER6A_Handler                          0x000003d9   Thumb Code     2  startup_tm4c129.o(.text)
    TIMER6B_Handler                          0x000003db   Thumb Code     2  startup_tm4c129.o(.text)
    TIMER7A_Handler                          0x000003dd   Thumb Code     2  startup_tm4c129.o(.text)
    TIMER7B_Handler                          0x000003df   Thumb Code     2  startup_tm4c129.o(.text)
    I2C6_Handler                             0x000003e1   Thumb Code     2  startup_tm4c129.o(.text)
    I2C7_Handler                             0x000003e3   Thumb Code     2  startup_tm4c129.o(.text)
    HIMSCANKEYBOARD_Handler                  0x000003e5   Thumb Code     2  startup_tm4c129.o(.text)
    ONEWIRE_Handler                          0x000003e7   Thumb Code     2  startup_tm4c129.o(.text)
    HIMPS2_Handler                           0x000003e9   Thumb Code     2  startup_tm4c129.o(.text)
    HIMLEDSEQUENCER_Handler                  0x000003eb   Thumb Code     2  startup_tm4c129.o(.text)
    HIMCONSUMERIR_Handler                    0x000003ed   Thumb Code     2  startup_tm4c129.o(.text)
    I2C8_Handler                             0x000003ef   Thumb Code     2  startup_tm4c129.o(.text)
    I2C9_Handler                             0x000003f1   Thumb Code     2  startup_tm4c129.o(.text)
    GPIOT_Handler                            0x000003f3   Thumb Code     2  startup_tm4c129.o(.text)
    __user_initial_stackheap                 0x000003f5   Thumb Code     0  startup_tm4c129.o(.text)
    __aeabi_memclr                           0x00000415   Thumb Code     0  rt_memclr.o(.text)
    __rt_memclr                              0x00000415   Thumb Code    68  rt_memclr.o(.text)
    _memset                                  0x00000419   Thumb Code     0  rt_memclr.o(.text)
    strcmp                                   0x00000459   Thumb Code   128  strcmpv7m.o(.text)
    __use_two_region_memory                  0x000004d9   Thumb Code     2  heapauxi.o(.text)
    __rt_heap_escrow$2region                 0x000004db   Thumb Code     2  heapauxi.o(.text)
    __rt_heap_expand$2region                 0x000004dd   Thumb Code     2  heapauxi.o(.text)
    __aeabi_memclr4                          0x000004df   Thumb Code     0  rt_memclr_w.o(.text)
    __aeabi_memclr8                          0x000004df   Thumb Code     0  rt_memclr_w.o(.text)
    __rt_memclr_w                            0x000004df   Thumb Code    78  rt_memclr_w.o(.text)
    _memset_w                                0x000004e3   Thumb Code     0  rt_memclr_w.o(.text)
    __user_setup_stackheap                   0x0000052d   Thumb Code    74  sys_stackheap_outer.o(.text)
    exit                                     0x00000577   Thumb Code    18  exit.o(.text)
    __user_libspace                          0x00000589   Thumb Code     8  libspace.o(.text)
    __user_perproc_libspace                  0x00000589   Thumb Code     0  libspace.o(.text)
    __user_perthread_libspace                0x00000589   Thumb Code     0  libspace.o(.text)
    _sys_exit                                0x00000591   Thumb Code     8  sys_exit.o(.text)
    __I$use$semihosting                      0x0000059d   Thumb Code     0  use_no_semi.o(.text)
    __use_no_semihosting_swi                 0x0000059d   Thumb Code     2  use_no_semi.o(.text)
    Delay                                    0x0000059f   Thumb Code    12  exp2-3.o(i.Delay)
    __semihosting_library_function           0x0000059f   Thumb Code     0  indicate_semi.o(.text)
    Display                                  0x000005ad   Thumb Code   238  exp2-3.o(i.Display)
    GPIODirModeSet                           0x000006a5   Thumb Code    40  gpio.o(i.GPIODirModeSet)
    GPIOIntClear                             0x000006cd   Thumb Code     6  gpio.o(i.GPIOIntClear)
    GPIOIntEnable                            0x000006d3   Thumb Code    12  gpio.o(i.GPIOIntEnable)
    GPIOIntRegister                          0x000006df   Thumb Code    26  gpio.o(i.GPIOIntRegister)
    GPIOIntTypeSet                           0x000006f9   Thumb Code    80  gpio.o(i.GPIOIntTypeSet)
    GPIOJ_Handler                            0x00000749   Thumb Code    76  exp2-3.o(i.GPIOJ_Handler)
    GPIOPadConfigSet                         0x000007a9   Thumb Code   312  gpio.o(i.GPIOPadConfigSet)
    GPIOPinConfigure                         0x000008e1   Thumb Code    60  gpio.o(i.GPIOPinConfigure)
    GPIOPinRead                              0x00000925   Thumb Code     6  gpio.o(i.GPIOPinRead)
    GPIOPinTypeGPIOInput                     0x0000092b   Thumb Code    28  gpio.o(i.GPIOPinTypeGPIOInput)
    GPIOPinTypeGPIOOutput                    0x00000947   Thumb Code    28  gpio.o(i.GPIOPinTypeGPIOOutput)
    GPIOPinTypeI2C                           0x00000963   Thumb Code    28  gpio.o(i.GPIOPinTypeI2C)
    GPIOPinTypeI2CSCL                        0x0000097f   Thumb Code    28  gpio.o(i.GPIOPinTypeI2CSCL)
    GPIOPinTypeUART                          0x0000099b   Thumb Code    28  gpio.o(i.GPIOPinTypeUART)
    I2C0_WriteByte                           0x000009b9   Thumb Code   110  exp2-3.o(i.I2C0_WriteByte)
    I2CMasterBusy                            0x00000a2d   Thumb Code    12  i2c.o(i.I2CMasterBusy)
    I2CMasterControl                         0x00000a39   Thumb Code     4  i2c.o(i.I2CMasterControl)
    I2CMasterDataPut                         0x00000a3d   Thumb Code     4  i2c.o(i.I2CMasterDataPut)
    I2CMasterEnable                          0x00000a41   Thumb Code    10  i2c.o(i.I2CMasterEnable)
    I2CMasterErr                             0x00000a4b   Thumb Code    24  i2c.o(i.I2CMasterErr)
    I2CMasterInitExpClk                      0x00000a65   Thumb Code    72  i2c.o(i.I2CMasterInitExpClk)
    I2CMasterSlaveAddrSet                    0x00000ab9   Thumb Code     8  i2c.o(i.I2CMasterSlaveAddrSet)
    IntEnable                                0x00000ac1   Thumb Code    92  interrupt.o(i.IntEnable)
    IntMasterEnable                          0x00000b25   Thumb Code    14  interrupt.o(i.IntMasterEnable)
    IntPriorityGet                           0x00000b35   Thumb Code    22  interrupt.o(i.IntPriorityGet)
    IntPriorityGroupingGet                   0x00000b51   Thumb Code    28  interrupt.o(i.IntPriorityGroupingGet)
    IntPriorityGroupingSet                   0x00000b75   Thumb Code    20  interrupt.o(i.IntPriorityGroupingSet)
    IntPriorityMaskGet                       0x00000b91   Thumb Code     4  interrupt.o(i.IntPriorityMaskGet)
    IntPrioritySet                           0x00000b95   Thumb Code    36  interrupt.o(i.IntPrioritySet)
    IntRegister                              0x00000bbd   Thumb Code    44  interrupt.o(i.IntRegister)
    S800_GPIO_Init                           0x00000bf1   Thumb Code   146  exp2-3.o(i.S800_GPIO_Init)
    S800_I2C0_Init                           0x00000c99   Thumb Code   122  exp2-3.o(i.S800_I2C0_Init)
    S800_UART_Init                           0x00000d31   Thumb Code    74  exp2-3.o(i.S800_UART_Init)
    SysCtlClockFreqSet                       0x00000da1   Thumb Code   706  sysctl.o(i.SysCtlClockFreqSet)
    SysCtlPeripheralEnable                   0x0000108d   Thumb Code    36  sysctl.o(i.SysCtlPeripheralEnable)
    SysCtlPeripheralReady                    0x000010b5   Thumb Code    40  sysctl.o(i.SysCtlPeripheralReady)
    SysTickEnable                            0x000010e1   Thumb Code    14  systick.o(i.SysTickEnable)
    SysTickIntEnable                         0x000010ef   Thumb Code    14  systick.o(i.SysTickIntEnable)
    SysTickPeriodSet                         0x000010fd   Thumb Code    10  systick.o(i.SysTickPeriodSet)
    SysTick_Handler                          0x00001109   Thumb Code   136  exp2-3.o(i.SysTick_Handler)
    SystemInit                               0x000011ad   Thumb Code    20  system_tm4c129.o(i.SystemInit)
    UART0_Handler                            0x000011cd   Thumb Code    60  exp2-3.o(i.UART0_Handler)
    UARTCharGetNonBlocking                   0x00001215   Thumb Code    16  uart.o(i.UARTCharGetNonBlocking)
    UARTCharPut                              0x00001225   Thumb Code    12  uart.o(i.UARTCharPut)
    UARTCharsAvail                           0x00001231   Thumb Code    10  uart.o(i.UARTCharsAvail)
    UARTConfigSetExpClk                      0x0000123b   Thumb Code   110  uart.o(i.UARTConfigSetExpClk)
    UARTIntClear                             0x000012a9   Thumb Code     4  uart.o(i.UARTIntClear)
    UARTIntEnable                            0x000012ad   Thumb Code     8  uart.o(i.UARTIntEnable)
    UARTIntStatus                            0x000012b5   Thumb Code    10  uart.o(i.UARTIntStatus)
    UARTStringPut                            0x000012c1   Thumb Code    24  exp2-3.o(i.UARTStringPut)
    decrease_one                             0x0000132d   Thumb Code   202  exp2-3.o(i.decrease_one)
    flash                                    0x000013fd   Thumb Code    68  exp2-3.o(i.flash)
    main                                     0x0000144d   Thumb Code   268  exp2-3.o(i.main)
    plus_one                                 0x00001599   Thumb Code   174  exp2-3.o(i.plus_one)
    processChar                              0x0000164d   Thumb Code   110  exp2-3.o(i.processChar)
    processCommand                           0x000016c5   Thumb Code   262  exp2-3.o(i.processCommand)
    _fp_init                                 0x0000184d   Thumb Code    10  fpinit.o(x$fpl$fpinit)
    __fplib_config_fpu_vfp                   0x00001855   Thumb Code     0  fpinit.o(x$fpl$fpinit)
    __fplib_config_pureend_doubles           0x00001855   Thumb Code     0  fpinit.o(x$fpl$fpinit)
    Region$$Table$$Base                      0x00001de0   Number         0  anon$$obj.o(Region$$Table)
    Region$$Table$$Limit                     0x00001e00   Number         0  anon$$obj.o(Region$$Table)
    i                                        0x20000000   Data           4  exp2-3.o(.data)
    cmdflag                                  0x20000004   Data           4  exp2-3.o(.data)
    lastcmdflag                              0x20000008   Data           4  exp2-3.o(.data)
    timeflag                                 0x2000000c   Data           4  exp2-3.o(.data)
    delay_time                               0x20000010   Data           4  exp2-3.o(.data)
    result                                   0x20000014   Data           1  exp2-3.o(.data)
    posedge                                  0x20000015   Data           1  exp2-3.o(.data)
    state                                    0x20000018   Data           4  exp2-3.o(.data)
    ui32SysClock                             0x2000001c   Data           4  exp2-3.o(.data)
    read_key_value                           0x20000020   Data           4  exp2-3.o(.data)
    seg7                                     0x20000024   Data          17  exp2-3.o(.data)
    ui32IntPriorityGroup                     0x20000038   Data           4  exp2-3.o(.data)
    ui32IntPriorityMask                      0x2000003c   Data           4  exp2-3.o(.data)
    ui32IntPrioritySystick                   0x20000040   Data           4  exp2-3.o(.data)
    ui32IntPriorityUart0                     0x20000044   Data           4  exp2-3.o(.data)
    uart_receive_char                        0x20000048   Data           1  exp2-3.o(.data)
    pointer                                  0x20000049   Data           1  exp2-3.o(.data)
    systick_10ms_couter                      0x2000004a   Data           2  exp2-3.o(.data)
    systick_100ms_couter                     0x2000004c   Data           2  exp2-3.o(.data)
    systick_10ms_status                      0x2000004e   Data           1  exp2-3.o(.data)
    systick_100ms_status                     0x2000004f   Data           1  exp2-3.o(.data)
    cnt                                      0x20000050   Data           1  exp2-3.o(.data)
    key_value                                0x20000051   Data           1  exp2-3.o(.data)
    gpio_status                              0x20000052   Data           1  exp2-3.o(.data)
    rightshift                               0x20000053   Data           1  exp2-3.o(.data)
    light                                    0x20000054   Data           1  exp2-3.o(.data)
    flashcount                               0x20000058   Data           4  exp2-3.o(.data)
    initvalue                                0x2000005c   Data           4  exp2-3.o(.data)
    h2lbit                                   0x20000060   Data          20  exp2-3.o(.data)
    idx                                      0x20000074   Data           1  exp2-3.o(.data)
    times                                    0x20000075   Data           1  exp2-3.o(.data)
    halfsec_counter                          0x20000076   Data           2  exp2-3.o(.data)
    second_counter                           0x20000078   Data           2  exp2-3.o(.data)
    halfsec_status                           0x2000007a   Data           1  exp2-3.o(.data)
    second_status                            0x2000007b   Data           1  exp2-3.o(.data)
    min                                      0x2000007c   Data           1  exp2-3.o(.data)
    sec                                      0x2000007d   Data           1  exp2-3.o(.data)
    periods                                  0x2000007e   Data           4  exp2-3.o(.data)
    SystemCoreClock                          0x20000084   Data           4  system_tm4c129.o(.data)
    buffer                                   0x2000066c   Data          16  exp2-3.o(.bss)
    disp_buff                                0x2000067c   Data           9  exp2-3.o(.bss)
    __libspace_start                         0x20000688   Data          96  libspace.o(.bss)
    __temporary_stack_top$libspace           0x200006e8   Data           0  libspace.o(.bss)



==============================================================================

Memory Map of the image

  Image Entry point : 0x00000201

  Load Region LR_IROM1 (Base: 0x00000000, Size: 0x0000246c, Max: 0x00100000, ABSOLUTE, COMPRESSED[0x00001e44])

    Execution Region ER_IROM1 (Base: 0x00000000, Size: 0x00001e00, Max: 0x00100000, ABSOLUTE)

    Base Addr    Size         Type   Attr      Idx    E Section Name        Object

    0x00000000   0x00000200   Data   RO          182    RESET               startup_tm4c129.o
    0x00000200   0x00000008   Code   RO         1750  * !!!main             c_w.l(__main.o)
    0x00000208   0x00000034   Code   RO         1911    !!!scatter          c_w.l(__scatter.o)
    0x0000023c   0x0000003a   Code   RO         1909    !!dczerorl          c_w.l(__dczerorl.o)
    0x00000276   0x00000002   PAD
    0x00000278   0x0000001c   Code   RO         1913    !!handler_zi        c_w.l(__scatter_zi.o)
    0x00000294   0x00000002   Code   RO         1779    .ARM.Collect$$libinit$$00000000  c_w.l(libinit.o)
    0x00000296   0x00000004   Code   RO         1785    .ARM.Collect$$libinit$$00000001  c_w.l(libinit2.o)
    0x0000029a   0x00000000   Code   RO         1788    .ARM.Collect$$libinit$$00000004  c_w.l(libinit2.o)
    0x0000029a   0x00000000   Code   RO         1791    .ARM.Collect$$libinit$$0000000A  c_w.l(libinit2.o)
    0x0000029a   0x00000000   Code   RO         1793    .ARM.Collect$$libinit$$0000000C  c_w.l(libinit2.o)
    0x0000029a   0x00000000   Code   RO         1795    .ARM.Collect$$libinit$$0000000E  c_w.l(libinit2.o)
    0x0000029a   0x00000000   Code   RO         1798    .ARM.Collect$$libinit$$00000011  c_w.l(libinit2.o)
    0x0000029a   0x00000000   Code   RO         1800    .ARM.Collect$$libinit$$00000013  c_w.l(libinit2.o)
    0x0000029a   0x00000000   Code   RO         1802    .ARM.Collect$$libinit$$00000015  c_w.l(libinit2.o)
    0x0000029a   0x00000000   Code   RO         1804    .ARM.Collect$$libinit$$00000017  c_w.l(libinit2.o)
    0x0000029a   0x00000000   Code   RO         1806    .ARM.Collect$$libinit$$00000019  c_w.l(libinit2.o)
    0x0000029a   0x00000000   Code   RO         1808    .ARM.Collect$$libinit$$0000001B  c_w.l(libinit2.o)
    0x0000029a   0x00000000   Code   RO         1810    .ARM.Collect$$libinit$$0000001D  c_w.l(libinit2.o)
    0x0000029a   0x00000000   Code   RO         1812    .ARM.Collect$$libinit$$0000001F  c_w.l(libinit2.o)
    0x0000029a   0x00000000   Code   RO         1814    .ARM.Collect$$libinit$$00000021  c_w.l(libinit2.o)
    0x0000029a   0x00000000   Code   RO         1816    .ARM.Collect$$libinit$$00000023  c_w.l(libinit2.o)
    0x0000029a   0x00000000   Code   RO         1818    .ARM.Collect$$libinit$$00000025  c_w.l(libinit2.o)
    0x0000029a   0x00000000   Code   RO         1822    .ARM.Collect$$libinit$$0000002C  c_w.l(libinit2.o)
    0x0000029a   0x00000000   Code   RO         1824    .ARM.Collect$$libinit$$0000002E  c_w.l(libinit2.o)
    0x0000029a   0x00000000   Code   RO         1826    .ARM.Collect$$libinit$$00000030  c_w.l(libinit2.o)
    0x0000029a   0x00000000   Code   RO         1828    .ARM.Collect$$libinit$$00000032  c_w.l(libinit2.o)
    0x0000029a   0x00000002   Code   RO         1829    .ARM.Collect$$libinit$$00000033  c_w.l(libinit2.o)
    0x0000029c   0x00000002   Code   RO         1849    .ARM.Collect$$libshutdown$$00000000  c_w.l(libshutdown.o)
    0x0000029e   0x00000000   Code   RO         1862    .ARM.Collect$$libshutdown$$00000002  c_w.l(libshutdown2.o)
    0x0000029e   0x00000000   Code   RO         1864    .ARM.Collect$$libshutdown$$00000004  c_w.l(libshutdown2.o)
    0x0000029e   0x00000000   Code   RO         1867    .ARM.Collect$$libshutdown$$00000007  c_w.l(libshutdown2.o)
    0x0000029e   0x00000000   Code   RO         1870    .ARM.Collect$$libshutdown$$0000000A  c_w.l(libshutdown2.o)
    0x0000029e   0x00000000   Code   RO         1872    .ARM.Collect$$libshutdown$$0000000C  c_w.l(libshutdown2.o)
    0x0000029e   0x00000000   Code   RO         1875    .ARM.Collect$$libshutdown$$0000000F  c_w.l(libshutdown2.o)
    0x0000029e   0x00000002   Code   RO         1876    .ARM.Collect$$libshutdown$$00000010  c_w.l(libshutdown2.o)
    0x000002a0   0x00000000   Code   RO         1752    .ARM.Collect$$rtentry$$00000000  c_w.l(__rtentry.o)
    0x000002a0   0x00000000   Code   RO         1756    .ARM.Collect$$rtentry$$00000002  c_w.l(__rtentry2.o)
    0x000002a0   0x00000006   Code   RO         1768    .ARM.Collect$$rtentry$$00000004  c_w.l(__rtentry4.o)
    0x000002a6   0x00000000   Code   RO         1758    .ARM.Collect$$rtentry$$00000009  c_w.l(__rtentry2.o)
    0x000002a6   0x00000004   Code   RO         1759    .ARM.Collect$$rtentry$$0000000A  c_w.l(__rtentry2.o)
    0x000002aa   0x00000000   Code   RO         1761    .ARM.Collect$$rtentry$$0000000C  c_w.l(__rtentry2.o)
    0x000002aa   0x00000008   Code   RO         1762    .ARM.Collect$$rtentry$$0000000D  c_w.l(__rtentry2.o)
    0x000002b2   0x00000002   Code   RO         1783    .ARM.Collect$$rtexit$$00000000  c_w.l(rtexit.o)
    0x000002b4   0x00000000   Code   RO         1831    .ARM.Collect$$rtexit$$00000002  c_w.l(rtexit2.o)
    0x000002b4   0x00000004   Code   RO         1832    .ARM.Collect$$rtexit$$00000003  c_w.l(rtexit2.o)
    0x000002b8   0x00000006   Code   RO         1833    .ARM.Collect$$rtexit$$00000004  c_w.l(rtexit2.o)
    0x000002be   0x00000002   PAD
    0x000002c0   0x00000026   Code   RO         1730    .emb_text           driverlib.lib(cpu.o)
    0x000002e6   0x00000002   PAD
    0x000002e8   0x0000012c   Code   RO          183    .text               startup_tm4c129.o
    0x00000414   0x00000044   Code   RO         1744    .text               c_w.l(rt_memclr.o)
    0x00000458   0x00000080   Code   RO         1746    .text               c_w.l(strcmpv7m.o)
    0x000004d8   0x00000006   Code   RO         1748    .text               c_w.l(heapauxi.o)
    0x000004de   0x0000004e   Code   RO         1753    .text               c_w.l(rt_memclr_w.o)
    0x0000052c   0x0000004a   Code   RO         1770    .text               c_w.l(sys_stackheap_outer.o)
    0x00000576   0x00000012   Code   RO         1772    .text               c_w.l(exit.o)
    0x00000588   0x00000008   Code   RO         1780    .text               c_w.l(libspace.o)
    0x00000590   0x0000000c   Code   RO         1841    .text               c_w.l(sys_exit.o)
    0x0000059c   0x00000002   Code   RO         1852    .text               c_w.l(use_no_semi.o)
    0x0000059e   0x00000000   Code   RO         1854    .text               c_w.l(indicate_semi.o)
    0x0000059e   0x0000000c   Code   RO            2    i.Delay             exp2-3.o
    0x000005aa   0x00000002   PAD
    0x000005ac   0x000000f8   Code   RO            3    i.Display           exp2-3.o
    0x000006a4   0x00000028   Code   RO          245    i.GPIODirModeSet    driverlib.lib(gpio.o)
    0x000006cc   0x00000006   Code   RO          246    i.GPIOIntClear      driverlib.lib(gpio.o)
    0x000006d2   0x0000000c   Code   RO          248    i.GPIOIntEnable     driverlib.lib(gpio.o)
    0x000006de   0x0000001a   Code   RO          249    i.GPIOIntRegister   driverlib.lib(gpio.o)
    0x000006f8   0x00000050   Code   RO          253    i.GPIOIntTypeSet    driverlib.lib(gpio.o)
    0x00000748   0x00000060   Code   RO            5    i.GPIOJ_Handler     exp2-3.o
    0x000007a8   0x00000138   Code   RO          257    i.GPIOPadConfigSet  driverlib.lib(gpio.o)
    0x000008e0   0x00000044   Code   RO          258    i.GPIOPinConfigure  driverlib.lib(gpio.o)
    0x00000924   0x00000006   Code   RO          259    i.GPIOPinRead       driverlib.lib(gpio.o)
    0x0000092a   0x0000001c   Code   RO          268    i.GPIOPinTypeGPIOInput  driverlib.lib(gpio.o)
    0x00000946   0x0000001c   Code   RO          269    i.GPIOPinTypeGPIOOutput  driverlib.lib(gpio.o)
    0x00000962   0x0000001c   Code   RO          272    i.GPIOPinTypeI2C    driverlib.lib(gpio.o)
    0x0000097e   0x0000001c   Code   RO          273    i.GPIOPinTypeI2CSCL  driverlib.lib(gpio.o)
    0x0000099a   0x0000001c   Code   RO          281    i.GPIOPinTypeUART   driverlib.lib(gpio.o)
    0x000009b6   0x00000002   PAD
    0x000009b8   0x00000074   Code   RO            7    i.I2C0_WriteByte    exp2-3.o
    0x00000a2c   0x0000000c   Code   RO          582    i.I2CMasterBusy     driverlib.lib(i2c.o)
    0x00000a38   0x00000004   Code   RO          583    i.I2CMasterControl  driverlib.lib(i2c.o)
    0x00000a3c   0x00000004   Code   RO          585    i.I2CMasterDataPut  driverlib.lib(i2c.o)
    0x00000a40   0x0000000a   Code   RO          587    i.I2CMasterEnable   driverlib.lib(i2c.o)
    0x00000a4a   0x00000018   Code   RO          588    i.I2CMasterErr      driverlib.lib(i2c.o)
    0x00000a62   0x00000002   PAD
    0x00000a64   0x00000054   Code   RO          590    i.I2CMasterInitExpClk  driverlib.lib(i2c.o)
    0x00000ab8   0x00000008   Code   RO          600    i.I2CMasterSlaveAddrSet  driverlib.lib(i2c.o)
    0x00000ac0   0x00000064   Code   RO          909    i.IntEnable         driverlib.lib(interrupt.o)
    0x00000b24   0x0000000e   Code   RO          912    i.IntMasterEnable   driverlib.lib(interrupt.o)
    0x00000b32   0x00000002   PAD
    0x00000b34   0x0000001c   Code   RO          915    i.IntPriorityGet    driverlib.lib(interrupt.o)
    0x00000b50   0x00000024   Code   RO          916    i.IntPriorityGroupingGet  driverlib.lib(interrupt.o)
    0x00000b74   0x0000001c   Code   RO          917    i.IntPriorityGroupingSet  driverlib.lib(interrupt.o)
    0x00000b90   0x00000004   Code   RO          918    i.IntPriorityMaskGet  driverlib.lib(interrupt.o)
    0x00000b94   0x00000028   Code   RO          920    i.IntPrioritySet    driverlib.lib(interrupt.o)
    0x00000bbc   0x00000034   Code   RO          921    i.IntRegister       driverlib.lib(interrupt.o)
    0x00000bf0   0x000000a8   Code   RO            8    i.S800_GPIO_Init    exp2-3.o
    0x00000c98   0x00000098   Code   RO            9    i.S800_I2C0_Init    exp2-3.o
    0x00000d30   0x00000070   Code   RO           10    i.S800_UART_Init    exp2-3.o
    0x00000da0   0x000002ec   Code   RO         1026    i.SysCtlClockFreqSet  driverlib.lib(sysctl.o)
    0x0000108c   0x00000028   Code   RO         1058    i.SysCtlPeripheralEnable  driverlib.lib(sysctl.o)
    0x000010b4   0x0000002c   Code   RO         1062    i.SysCtlPeripheralReady  driverlib.lib(sysctl.o)
    0x000010e0   0x0000000e   Code   RO         1373    i.SysTickEnable     driverlib.lib(systick.o)
    0x000010ee   0x0000000e   Code   RO         1375    i.SysTickIntEnable  driverlib.lib(systick.o)
    0x000010fc   0x0000000a   Code   RO         1379    i.SysTickPeriodSet  driverlib.lib(systick.o)
    0x00001106   0x00000002   PAD
    0x00001108   0x000000a4   Code   RO           11    i.SysTick_Handler   exp2-3.o
    0x000011ac   0x00000020   Code   RO          192    i.SystemInit        system_tm4c129.o
    0x000011cc   0x00000048   Code   RO           12    i.UART0_Handler     exp2-3.o
    0x00001214   0x00000010   Code   RO         1442    i.UARTCharGetNonBlocking  driverlib.lib(uart.o)
    0x00001224   0x0000000c   Code   RO         1443    i.UARTCharPut       driverlib.lib(uart.o)
    0x00001230   0x0000000a   Code   RO         1445    i.UARTCharsAvail    driverlib.lib(uart.o)
    0x0000123a   0x0000006e   Code   RO         1449    i.UARTConfigSetExpClk  driverlib.lib(uart.o)
    0x000012a8   0x00000004   Code   RO         1462    i.UARTIntClear      driverlib.lib(uart.o)
    0x000012ac   0x00000008   Code   RO         1464    i.UARTIntEnable     driverlib.lib(uart.o)
    0x000012b4   0x0000000a   Code   RO         1466    i.UARTIntStatus     driverlib.lib(uart.o)
    0x000012be   0x00000002   PAD
    0x000012c0   0x0000001c   Code   RO           13    i.UARTStringPut     exp2-3.o
    0x000012dc   0x00000050   Code   RO          288    i._GPIOIntNumberGet  driverlib.lib(gpio.o)
    0x0000132c   0x000000d0   Code   RO           15    i.decrease_one      exp2-3.o
    0x000013fc   0x00000050   Code   RO           16    i.flash             exp2-3.o
    0x0000144c   0x0000014c   Code   RO           17    i.main              exp2-3.o
    0x00001598   0x000000b4   Code   RO           18    i.plus_one          exp2-3.o
    0x0000164c   0x00000078   Code   RO           19    i.processChar       exp2-3.o
    0x000016c4   0x00000188   Code   RO           20    i.processCommand    exp2-3.o
    0x0000184c   0x0000000a   Code   RO         1839    x$fpl$fpinit        fz_wm.l(fpinit.o)
    0x00001856   0x00000002   PAD
    0x00001858   0x00000228   Data   RO          289    .constdata          driverlib.lib(gpio.o)
    0x00001a80   0x0000010c   Data   RO          925    .constdata          driverlib.lib(interrupt.o)
    0x00001b8c   0x00000254   Data   RO         1080    .constdata          driverlib.lib(sysctl.o)
    0x00001de0   0x00000020   Data   RO         1907    Region$$Table       anon$$obj.o


    Execution Region RW_IRAM1 (Base: 0x20000000, Size: 0x000008e8, Max: 0x00040000, ABSOLUTE, COMPRESSED[0x00000044])

    Base Addr    Size         Type   Attr      Idx    E Section Name        Object

    0x20000000   0x00000082   Data   RW           23    .data               exp2-3.o
    0x20000082   0x00000002   PAD
    0x20000084   0x00000004   Data   RW          193    .data               system_tm4c129.o
    0x20000088   0x00000378   PAD
    0x20000400   0x0000026c   Data   RW          926    vtable              driverlib.lib(interrupt.o)
    0x2000066c   0x00000019   Zero   RW           21    .bss                exp2-3.o
    0x20000685   0x00000003   PAD
    0x20000688   0x00000060   Zero   RW         1781    .bss                c_w.l(libspace.o)
    0x200006e8   0x00000000   Zero   RW          181    HEAP                startup_tm4c129.o
    0x200006e8   0x00000200   Zero   RW          180    STACK               startup_tm4c129.o


==============================================================================

Image component sizes


      Code (inc. data)   RO Data    RW Data    ZI Data      Debug   Object Name

      2480        398          0        130         25      16172   exp2-3.o
       300         22        512          0        512       6040   startup_tm4c129.o
        32         12          0          4          0        735   system_tm4c129.o

    ----------------------------------------------------------------------
      2814        432        544       1024        540      22947   Object Totals
         0          0         32          0          0          0   (incl. Generated)
         2          0          0        890          3          0   (incl. Padding)

    ----------------------------------------------------------------------

      Code (inc. data)   RO Data    RW Data    ZI Data      Debug   Library Member Name

        58          0          0          0          0          0   __dczerorl.o
         8          0          0          0          0         68   __main.o
         0          0          0          0          0          0   __rtentry.o
        12          0          0          0          0          0   __rtentry2.o
         6          0          0          0          0          0   __rtentry4.o
        52          8          0          0          0          0   __scatter.o
        28          0          0          0          0          0   __scatter_zi.o
        18          0          0          0          0         80   exit.o
         6          0          0          0          0        152   heapauxi.o
         0          0          0          0          0          0   indicate_semi.o
         2          0          0          0          0          0   libinit.o
         6          0          0          0          0          0   libinit2.o
         2          0          0          0          0          0   libshutdown.o
         2          0          0          0          0          0   libshutdown2.o
         8          4          0          0         96         68   libspace.o
        68          0          0          0          0         68   rt_memclr.o
        78          0          0          0          0         80   rt_memclr_w.o
         2          0          0          0          0          0   rtexit.o
        10          0          0          0          0          0   rtexit2.o
       128          0          0          0          0         68   strcmpv7m.o
        12          4          0          0          0         68   sys_exit.o
        74          0          0          0          0         80   sys_stackheap_outer.o
         2          0          0          0          0         68   use_no_semi.o
        38          0          0          0          0        560   cpu.o
       770         26        552          0          0      12777   gpio.o
       146         12          0          0          0       4688   i2c.o
       302         42        268        620          0       5397   interrupt.o
       832         50        596          0          0       5390   sysctl.o
        38          0          0          0          0       1394   systick.o
       170          0          0          0          0       4826   uart.o
        10          0          0          0          0        116   fpinit.o

    ----------------------------------------------------------------------
      2906        146       1416        620         96      35948   Library Totals
        18          0          0          0          0          0   (incl. Padding)

    ----------------------------------------------------------------------

      Code (inc. data)   RO Data    RW Data    ZI Data      Debug   Library Name

       582         16          0          0         96        800   c_w.l
      2296        130       1416        620          0      35032   driverlib.lib
        10          0          0          0          0        116   fz_wm.l

    ----------------------------------------------------------------------
      2906        146       1416        620         96      35948   Library Totals

    ----------------------------------------------------------------------

==============================================================================


      Code (inc. data)   RO Data    RW Data    ZI Data      Debug   

      5720        578       1960       1644        636      53383   Grand Totals
      5720        578       1960         68        636      53383   ELF Image Totals (compressed)
      5720        578       1960         68          0          0   ROM Totals

==============================================================================

    Total RO  Size (Code + RO Data)                 7680 (   7.50kB)
    Total RW  Size (RW Data + ZI Data)              2280 (   2.23kB)
    Total ROM Size (Code + RO Data + RW Data)       7748 (   7.57kB)

==============================================================================

