<html>
<body>
<pre>
<h1>礦ision Build Log</h1>
<h2>Tool Versions:</h2>
IDE-Version: μVision V5.22.0.0
Copyright (C) 2016 ARM Ltd and ARM Germany GmbH. All rights reserved.
License Information: cmy Windows, HP Inc., LIC=----
 
Tool Versions:
Toolchain:       MDK-Lite  Version: 5.22
Toolchain Path:  D:\Keil_v5\ARM\ARMCC\Bin
C Compiler:      Armcc.exe V5.06 update 4 (build 422)
Assembler:       Armasm.exe V5.06 update 4 (build 422)
Linker/Locator:  ArmLink.exe V5.06 update 4 (build 422)
Library Manager: ArmAr.exe V5.06 update 4 (build 422)
Hex Converter:   FromElf.exe V5.06 update 4 (build 422)
CPU DLL:         SARMCM3.DLL V5.22
Dialog DLL:      DCM.DLL V1.13.9.0
Target DLL:      lmidk-agdi.dll V???
Dialog DLL:      TCM.DLL V1.21.0.0
 
<h2>Project:</h2>
D:\桌面\大二下\ArmExam\代码\practice\exp1.uvprojx
Project File Date:  06/28/2019

<h2>Output:</h2>
*** Using Compiler 'V5.06 update 4 (build 422)', folder: 'D:\Keil_v5\ARM\ARMCC\Bin'
Build target 'Target 1'
compiling exp2-3.c...
exp2-3.c(101): warning:  #1295-D: Deprecated declaration plus_one - give arg types
  void plus_one();
exp2-3.c(102): warning:  #1295-D: Deprecated declaration decrease_one - give arg types
  void decrease_one();
exp2-3.c(103): warning:  #1295-D: Deprecated declaration flash - give arg types
  void flash();
exp2-3.c(128): warning:  #223-D: function "strchr" declared implicitly
  	pcDisp 				=(char*)strchr(disp_tab,*buff);	
exp2-3.c(159): warning:  #167-D: argument of type "uint8_t *" is incompatible with parameter of type "const char *"
  	UARTStringPut((uint8_t *)"\r\nHello, world!\r\n");
exp2-3.c(320): warning:  #550-D: variable "result"  was set but never used
  	uint8_t result;
exp2-3.c(361): warning:  #550-D: variable "rop"  was set but never used
  	uint8_t value,rop;
exp2-3.c(485): warning:  #167-D: argument of type "uint8_t *" is incompatible with parameter of type "int8_t *"
  	processCommand(buffer);
exp2-3.c(509): warning:  #223-D: function "memset" declared implicitly
  		memset(buffer, 0, 16);
exp2-3.c(517): warning:  #223-D: function "memset" declared implicitly
  		memset(buffer, 0, 16);
exp2-3.c(523): warning:  #223-D: function "strcmp" declared implicitly
  		if (strcmp(str, "AT+CLASS") == 0 )
exp2-3.c(526): warning:  #223-D: function "memset" declared implicitly
  		memset(buffer, 0, 16);
exp2-3.c(532): warning:  #223-D: function "memset" declared implicitly
  		memset(buffer, 0, 16);
exp2-3.c(539): warning:  #167-D: argument of type "uint8_t *" is incompatible with parameter of type "const char *"
  		UARTStringPut((uint8_t *)"\r\nA\r\n");
exp2-3.c(541): warning:  #223-D: function "memset" declared implicitly
  		memset(buffer, 0, 16);
exp2-3.c(548): warning:  #167-D: argument of type "uint8_t *" is incompatible with parameter of type "const char *"
  		UARTStringPut((uint8_t *)"\r\nB\r\n");
exp2-3.c(550): warning:  #223-D: function "memset" declared implicitly
  		memset(buffer, 0, 16);
exp2-3.c(557): warning:  #167-D: argument of type "uint8_t *" is incompatible with parameter of type "const char *"
  		UARTStringPut((uint8_t *)"\r\nC\r\n");
exp2-3.c(559): warning:  #223-D: function "memset" declared implicitly
  		memset(buffer, 0, 16);
exp2-3.c(566): warning:  #167-D: argument of type "uint8_t *" is incompatible with parameter of type "const char *"
  		UARTStringPut((uint8_t *)"\r\nD\r\n");
exp2-3.c(568): warning:  #223-D: function "memset" declared implicitly
  		memset(buffer, 0, 16);
exp2-3.c(572): warning:  #1-D: last line of file ends without a newline
  }
exp2-3.c: 22 warnings, 0 errors
linking...
Program Size: Code=5720 RO-data=1960 RW-data=1644 ZI-data=636  
FromELF: creating hex file...
".\Objects\exp1.axf" - 0 Error(s), 22 Warning(s).

<h2>Software Packages used:</h2>

Package Vendor: ARM
                http://www.keil.com/pack/ARM.CMSIS.5.0.0.pack
                ARM::CMSIS:CORE:5.0.0
                CMSIS (Cortex Microcontroller Software Interface Standard)
   * Component: CORE Version: 5.0.0

Package Vendor: Keil
                http://www.keil.com/pack/Keil.TM4C_DFP.1.1.0.pack
                Keil::Device:Startup:1.0.0
                Texas Instruments Tiva C Series Device Support and Examples
   * Component: Startup Version: 1.0.0

<h2>Collection of Component include folders:</h2>
  D:\桌面\大二下\ArmExam\代码\practice\RTE\_Target_1
  D:\Keil_v5\ARM\PACK\ARM\CMSIS\5.0.0\CMSIS\Include
  D:\Keil_v5\ARM\PACK\Keil\TM4C_DFP\1.1.0\Device\Include\TM4C129

<h2>Collection of Component Files used:</h2>

   * Component: ARM::CMSIS:CORE:5.0.0

   * Component: Keil::Device:Startup:1.0.0
      Include file:  Device\Include\TM4C129\TM4C129.h
      Source file:   Device\Source\ARM\startup_TM4C129.s
      Source file:   Device\Source\system_TM4C129.c
Build Time Elapsed:  00:00:01
</pre>
</body>
</html>
