<html>
<body>
<pre>
<h1>礦ision Build Log</h1>
<h2>Tool Versions:</h2>
IDE-Version: μVision V5.22.0.0
Copyright (C) 2016 ARM Ltd and ARM Germany GmbH. All rights reserved.
License Information: cmy Windows, HP Inc., LIC=----
 
Tool Versions:
Toolchain:       MDK-Lite  Version: 5.22
Toolchain Path:  D:\Keil_v5\ARM\ARMCC\Bin
C Compiler:      Armcc.exe V5.06 update 4 (build 422)
Assembler:       Armasm.exe V5.06 update 4 (build 422)
Linker/Locator:  ArmLink.exe V5.06 update 4 (build 422)
Library Manager: ArmAr.exe V5.06 update 4 (build 422)
Hex Converter:   FromElf.exe V5.06 update 4 (build 422)
CPU DLL:         SARMCM3.DLL V5.22
Dialog DLL:      DCM.DLL V1.13.9.0
Target DLL:      lmidk-agdi.dll V???
Dialog DLL:      TCM.DLL V1.21.0.0
 
<h2>Project:</h2>
D:\桌面\大二下\ArmExam\代码\平时实验题\EXP3-7优先级调整\exp2.uvprojx
Project File Date:  06/04/2019

<h2>Output:</h2>
*** Using Compiler 'V5.06 update 4 (build 422)', folder: 'D:\Keil_v5\ARM\ARMCC\Bin'
Build target 'Target 1'
assembling startup_TM4C129.s...
compiling exp3-4.c...
exp3-4.c(169): warning:  #177-D: variable "x"  was declared but never referenced
  	int len=0,x;
exp3-4.c(170): warning:  #177-D: variable "mode1"  was declared but never referenced
  	char mode1[]="ATCLASS";
exp3-4.c(171): warning:  #177-D: variable "mode2"  was declared but never referenced
  	char mode2[]="ATSTUDENTCODE";
exp3-4.c(172): warning:  #177-D: variable "clas"  was declared but never referenced
  	char clas[]="CLASS03302";
exp3-4.c(173): warning:  #177-D: variable "stdcode"  was declared but never referenced
  	char stdcode[]="CODE090259";
exp3-4.c(174): warning:  #177-D: variable "buffer"  was declared but never referenced
  	char buffer[30];
exp3-4.c(457): warning:  #68-D: integer conversion resulted in a change of sign
  			if (sec==-1){
exp3-4.c(459): warning:  #68-D: integer conversion resulted in a change of sign
  				if (--min==-1){
exp3-4.c(461): warning:  #68-D: integer conversion resulted in a change of sign
  					if (--hour==-1) hour=99;
exp3-4.c(545): warning:  #167-D: argument of type "uint8_t *" is incompatible with parameter of type "const char *"
  	UARTStringPut((uint8_t *)"Hello, world!");
exp3-4.c(563): warning:  #550-D: variable "result"  was set but never used
  	uint8_t result;
exp3-4.c(618): warning:  #1-D: last line of file ends without a newline
  }
exp3-4.c(602): warning:  #550-D: variable "rop"  was set but never used
  	uint8_t value,rop;
exp3-4.c: 13 warnings, 0 errors
compiling system_TM4C129.c...
linking...
Program Size: Code=5460 RO-data=2232 RW-data=148 ZI-data=612  
FromELF: creating hex file...
".\Objects\exp1.axf" - 0 Error(s), 13 Warning(s).

<h2>Software Packages used:</h2>

Package Vendor: ARM
                http://www.keil.com/pack/ARM.CMSIS.5.0.0.pack
                ARM::CMSIS:CORE:5.0.0
                CMSIS (Cortex Microcontroller Software Interface Standard)
   * Component: CORE Version: 5.0.0

Package Vendor: Keil
                http://www.keil.com/pack/Keil.TM4C_DFP.1.1.0.pack
                Keil::Device:Startup:1.0.0
                Texas Instruments Tiva C Series Device Support and Examples
   * Component: Startup Version: 1.0.0

<h2>Collection of Component include folders:</h2>
  D:\桌面\大二下\ArmExam\代码\平时实验题\EXP3-7优先级调整\RTE\_Target_1
  D:\Keil_v5\ARM\PACK\ARM\CMSIS\5.0.0\CMSIS\Include
  D:\Keil_v5\ARM\PACK\Keil\TM4C_DFP\1.1.0\Device\Include\TM4C129

<h2>Collection of Component Files used:</h2>

   * Component: ARM::CMSIS:CORE:5.0.0

   * Component: Keil::Device:Startup:1.0.0
      Source file:   Device\Source\ARM\startup_TM4C129.s
      Source file:   Device\Source\system_TM4C129.c
      Include file:  Device\Include\TM4C129\TM4C129.h
Build Time Elapsed:  00:00:02
</pre>
</body>
</html>
